Microchip MPLAB XC8 Compiler V2.31

Linker command line:

-W-3 --edf=C:\Program Files\Microchip\xc8\v2.31\pic\dat\en_msgs.txt -cn \
  -h+dist/default/production\ARQB-ProyectoFinal.production.sym \
  --cmf=dist/default/production\ARQB-ProyectoFinal.production.cmf -z \
  -Q18F4550 -oC:\Users\User\AppData\Local\Temp\sns8.2 \
  --defsym=__MPLAB_BUILD=1 \
  -Mdist/default/production/ARQB-ProyectoFinal.production.map -E1 \
  -ver=XC8 Compiler --acfsm=1493 -ASTACK=0195h-07FFh -pstack=STACK \
  -ACODE=00h-07FFFh -ACONST=00h-07FFFh -ASMALLCONST=0800h-08FFhx120 \
  -AMEDIUMCONST=0800h-07FFFh -ACOMRAM=01h-05Fh -AABS1=00h-07FFh \
  -ABIGRAM=01h-07FFh -ARAM=060h-0FFh,0100h-01FFhx7 -ABANK0=060h-0FFh \
  -ABANK1=0100h-01FFh -ABANK2=0200h-02FFh -ABANK3=0300h-03FFh \
  -ABANK4=0400h-04FFh -ABANK5=0500h-05FFh -ABANK6=0600h-06FFh \
  -ABANK7=0700h-07FFh -ASFR=0F60h-0FFFh -ACONFIG=0300000h-030000Dh \
  -AIDLOC=0200000h-0200007h -AEEDATA=0F00000h-0F000FFh -peeprom_data=EEDATA \
  -preset_vec=00h,intcode,intcodelo,powerup,init -pramtop=0800h \
  -psmallconst=SMALLCONST -pmediumconst=MEDIUMCONST -pconst=CONST \
  -AFARRAM=00h-00h \
  -prdata=COMRAM,nvrram=COMRAM,nvbit=COMRAM,rbss=COMRAM,rbit=COMRAM \
  -pfarbss=FARRAM,fardata=FARRAM,nvFARRAM=FARRAM \
  -pintsave_regs=BIGRAM,bigbss=BIGRAM,bigdata=BIGRAM -pbss=RAM \
  -pidata=CODE,irdata=CODE,ibigdata=CODE,ifardata=CODE -prparam=COMRAM \
  C:\Users\User\AppData\Local\Temp\sns8.o \
  dist/default/production\ARQB-ProyectoFinal.production.o 

Object code version is 3.11

Machine type is 18F4550



                Name                               Link     Load   Length Selector   Space Scale
C:\Users\User\AppData\Local\Temp\sns8.o
                idloc                            200000   200000        8        0       5
                config                           300000   300000        E        0       4
                init                                  0        0        4        0       0
dist/default/production\ARQB-ProyectoFinal.production.o
                idloc                            200000   200000        8        0       5
                config                           300000   300000        E        0       4
                smallconst                          800      800       8A      400       0
                text56                             474E     474E        6     2338       0
                text55                             4134     4134       5C      445       0
                text54                             46B8     46B8       20     2338       0
                text53                             3EE2     3EE2       70      445       0
                text52                             46D8     46D8       1A     2338       0
                text51                             471A     471A       14     2338       0
                text50                             3C54     3C54       B6      445       0
                text49                             4740     4740        E     2338       0
                text48                             3F52     3F52       66      445       0
                text47                             4578     4578       38      445       0
                text46                             3E64     3E64       7E      445       0
                text45                             4706     4706       14     2338       0
                text44                             46F2     46F2       14     2338       0
                text43                             472E     472E       12     2338       0
                text42                             4426     4426       3A      445       0
                text41                             4696     4696       22     2338       0
                text40                             4614     4614       2E      445       0
                text39                             45E6     45E6       2E      445       0
                text38                             4322     4322       46      445       0
                text37                             346E     346E      1B4      445       0
                text36                             428A     428A       52      445       0
                text35                             4670     4670       26     2338       0
                text34                             4540     4540       38      445       0
                text33                             4238     4238       52      445       0
                text32                             3276     3276      1F8      445       0
                text31                             3B90     3B90       C4      445       0
                text30                             3D0A     3D0A       B0      445       0
                text29                             29F0     29F0      39A      445       0
                text28                             3DBA     3DBA       AA      445       0
                text27                             3728     3728      104      445       0
                text26                             25C6     25C6      42A      445       0
                text25                             4508     4508       38      445       0
                text24                             2106     2106      4C0      445       0
                text23                             42DC     42DC       46      445       0
                text22                             3622     3622      106      445       0
                text21                             382C     382C       FE      445       0
                text20                             3064     3064      212      445       0
                text19                             4754     4754        2     2338       0
                text18                             3A00     3A00       CA      445       0
                text17                             4368     4368       44      445       0
                text16                             45B0     45B0       36      445       0
                text15                             3ACA     3ACA       C6      445       0
                text14                             40D8     40D8       5C      445       0
                text13                             44D0     44D0       38      445       0
                text12                             401A     401A       60      445       0
                text11                              88A      88A      C58      445       0
                text10                             392A     392A       D6      445       0
                text9                              43EA     43EA       3C      445       0
                text8                              4498     4498       38      445       0
                text7                              407A     407A       5E      445       0
                text6                              2D8A     2D8A      2DA      445       0
                text5                              1BB4     1BB4      552      445       0
                text4                              3FB8     3FB8       62      445       0
                text3                              41E6     41E6       52      445       0
                text2                              14E2     14E2      6D2      445       0
                text1                              4460     4460       38      445       0
                text0                              43AC     43AC       3E      445       0
                cstackCOMRAM                          1        1       5E        1       1
                cstackBANK0                          60       60       9A       60       1
                dataBANK1                           168      168       2D      100       1
                bssBANK1                            100      100       68      100       1
                bssBANK0                             FA       FA        6       60       1
                dataCOMRAM                           5F       5F        1        1       1
                cinit                              4190     4190       56      445       0
                idataBANK1                         4642     4642       2D      445       0
                idataCOMRAM                        4756     4756        1     2338       0

TOTAL           Name                               Link     Load   Length     Space
        CLASS   STACK          

        CLASS   CODE           
                init                                  0        0        4         0
                text56                             474E     474E        6         0
                text55                             4134     4134       5C         0
                text54                             46B8     46B8       20         0
                text53                             3EE2     3EE2       70         0
                text52                             46D8     46D8       1A         0
                text51                             471A     471A       14         0
                text50                             3C54     3C54       B6         0
                text49                             4740     4740        E         0
                text48                             3F52     3F52       66         0
                text47                             4578     4578       38         0
                text46                             3E64     3E64       7E         0
                text45                             4706     4706       14         0
                text44                             46F2     46F2       14         0
                text43                             472E     472E       12         0
                text42                             4426     4426       3A         0
                text41                             4696     4696       22         0
                text40                             4614     4614       2E         0
                text39                             45E6     45E6       2E         0
                text38                             4322     4322       46         0
                text37                             346E     346E      1B4         0
                text36                             428A     428A       52         0
                text35                             4670     4670       26         0
                text34                             4540     4540       38         0
                text33                             4238     4238       52         0
                text32                             3276     3276      1F8         0
                text31                             3B90     3B90       C4         0
                text30                             3D0A     3D0A       B0         0
                text29                             29F0     29F0      39A         0
                text28                             3DBA     3DBA       AA         0
                text27                             3728     3728      104         0
                text26                             25C6     25C6      42A         0
                text25                             4508     4508       38         0
                text24                             2106     2106      4C0         0
                text23                             42DC     42DC       46         0
                text22                             3622     3622      106         0
                text21                             382C     382C       FE         0
                text20                             3064     3064      212         0
                text19                             4754     4754        2         0
                text18                             3A00     3A00       CA         0
                text17                             4368     4368       44         0
                text16                             45B0     45B0       36         0
                text15                             3ACA     3ACA       C6         0
                text14                             40D8     40D8       5C         0
                text13                             44D0     44D0       38         0
                text12                             401A     401A       60         0
                text11                              88A      88A      C58         0
                text10                             392A     392A       D6         0
                text9                              43EA     43EA       3C         0
                text8                              4498     4498       38         0
                text7                              407A     407A       5E         0
                text6                              2D8A     2D8A      2DA         0
                text5                              1BB4     1BB4      552         0
                text4                              3FB8     3FB8       62         0
                text3                              41E6     41E6       52         0
                text2                              14E2     14E2      6D2         0
                text1                              4460     4460       38         0
                text0                              43AC     43AC       3E         0
                cinit                              4190     4190       56         0
                idataBANK1                         4642     4642       2D         0
                idataCOMRAM                        4756     4756        1         0

        CLASS   CONST          

        CLASS   SMALLCONST     
                smallconst                          800      800       8A         0

        CLASS   MEDIUMCONST    

        CLASS   COMRAM         
                cstackCOMRAM                          1        1       5E         1
                dataCOMRAM                           5F       5F        1         1

        CLASS   ABS1           

        CLASS   BIGRAM         

        CLASS   RAM            

        CLASS   BANK0          
                cstackBANK0                          60       60       9A         1
                bssBANK0                             FA       FA        6         1

        CLASS   BANK1          
                dataBANK1                           168      168       2D         1
                bssBANK1                            100      100       68         1

        CLASS   BANK2          

        CLASS   BANK3          

        CLASS   BANK4          

        CLASS   BANK5          

        CLASS   BANK6          

        CLASS   BANK7          

        CLASS   SFR            

        CLASS   CONFIG         
                config                           300000   300000        E         4

        CLASS   IDLOC          
                idloc                            200000   200000        8         5

        CLASS   EEDATA         

        CLASS   FARRAM         



SEGMENTS        Name                           Load    Length   Top    Selector   Space  Class

                reset_vec                      000000  000004  000004         0       0  CODE    
                cstackCOMRAM                   000001  00005F  000060         1       1  COMRAM  
                cstackBANK0                    000060  0000A0  000100        60       1  BANK0   
                bssBANK1                       000100  000095  000195       100       1  BANK1   
                smallconst                     000800  00008A  00088A       400       0  SMALLCON
                text11                         00088A  003DE5  00466F       445       0  CODE    
                text35                         004670  0000E7  004757      2338       0  CODE    


UNUSED ADDRESS RANGES

        Name                Unused          Largest block    Delta
        BANK1            000195-0001FF               6B
        BANK2            000200-0002FF              100
        BANK3            000300-0003FF              100
        BANK4            000400-0004FF              100
        BANK5            000500-0005FF              100
        BANK6            000600-0006FF              100
        BANK7            000700-0007FF              100
        BIGRAM           000195-0007FF              66B
        CODE             000004-0007FF              7FC
                         00466F-00466F                1
                         004757-007FFF             38A9
        CONST            000004-0007FF              7FC
                         00466F-00466F                1
                         004757-007FFF             38A9
        EEDATA           F00000-F000FF              100
        MEDIUMCONST      00466F-00466F                1
                         004757-007FFF             38A9
        RAM              000195-0007FF              100
        SFR              000F60-000FFF               A0
        SMALLCONST       00466F-00466F                1
                         004757-007FFF              100
        STACK            000195-0007FF              66B

                                  Symbol Table

?___awdiv                             cstackCOMRAM 000001
?___awmod                             cstackCOMRAM 000001
?___fladd                             cstackCOMRAM 000001
?___fldiv                             cstackCOMRAM 000001
?___flmul                             cstackCOMRAM 000014
?___flneg                             cstackCOMRAM 000001
?___flsub                             cstackCOMRAM 00002D
?___fltol                             cstackCOMRAM 000001
?___fpclassifyf                       cstackCOMRAM 000001
?___wmul                              cstackCOMRAM 000001
?___xxtofl                            cstackCOMRAM 000006
?_atoi                                cstackCOMRAM 000008
?_efgtoa                              cstackCOMRAM 000039
?_floorf                              cstackCOMRAM 00001A
?_getCad                              cstackCOMRAM 000001
?_isalpha                             cstackCOMRAM 000001
?_isdigit                             cstackCOMRAM 000001
?_islower                             cstackCOMRAM 000001
?_isspace                             cstackCOMRAM 000001
?_isupper                             cstackCOMRAM 000001
?_pad                                 cstackCOMRAM 000011
?_sprintf                             cstackCOMRAM 000057
?_strlen                              cstackCOMRAM 000001
?_strncmp                             cstackCOMRAM 000001
?_tolower                             cstackCOMRAM 000007
?_toupper                             cstackCOMRAM 000007
?_vfpfcnvrt                           cstackCOMRAM 000045
?_vfprintf                            cstackCOMRAM 00004F
?_xtoa                                cstackCOMRAM 00001C
I2C_Read@buffer                       cstackCOMRAM 000002
I2C_Read@flag                         cstackCOMRAM 000001
I2C_Repeated_Start@slave_read_address cstackCOMRAM 000002
I2C_Start@slave_write_address         cstackCOMRAM 000002
I2C_Write@data                        cstackCOMRAM 000001
Keypad_Key_Press@F3795                smallconst   000801
Keypad_Key_Press@fila                 cstackCOMRAM 000014
Keypad_Key_Press@keypad_deco          cstackCOMRAM 000001
Keypad_Key_Press@tec                  cstackCOMRAM 000012
Lcd_Cmd@a                             cstackCOMRAM 000003
Lcd_Port@a                            cstackCOMRAM 000001
Lcd_Set_Cursor@a                      cstackCOMRAM 000005
Lcd_Set_Cursor@b                      cstackCOMRAM 000004
Lcd_Set_Cursor@temp                   cstackCOMRAM 000008
Lcd_Set_Cursor@y                      cstackCOMRAM 000007
Lcd_Set_Cursor@z                      cstackCOMRAM 000006
Lcd_Write_Char@a                      cstackCOMRAM 000004
Lcd_Write_Char@temp                   cstackCOMRAM 000002
Lcd_Write_Char@y                      cstackCOMRAM 000003
Lcd_Write_String@a                    cstackCOMRAM 000005
Lcd_Write_String@i                    cstackCOMRAM 000009
RTC_Read_Clock@read_clock_address     cstackCOMRAM 000004
_ACKDT                                (abs)        007E2D
_ACKEN                                (abs)        007E2C
_ACKSTAT                              (abs)        007E2E
_ADCON0                               (abs)        000FC2
_ADCON1                               (abs)        000FC1
_ADCON2                               (abs)        000FC0
_ADON                                 (abs)        007E10
_ADRESH                               (abs)        000FC4
_BAUDCONbits                          (abs)        000FB8
_GO_DONE                              (abs)        007E11
_I2C_Ack                              text45       004706
_I2C_Init                             text52       0046D8
_I2C_Nack                             text44       0046F2
_I2C_Read                             text42       004426
_I2C_Ready                            text43       00472E
_I2C_Repeated_Start                   text40       004614
_I2C_Start                            text39       0045E6
_I2C_Stop                             text51       00471A
_I2C_Write                            text41       004696
_Keypad_Init                          text56       00474E
_Keypad_Key_Press                     text50       003C54
_LATD                                 (abs)        000F8C
_Lcd_Clear                            text49       004740
_Lcd_Cmd                              text54       0046B8
_Lcd_Init                             text53       003EE2
_Lcd_Port                             text55       004134
_Lcd_Set_Cursor                       text48       003F52
_Lcd_Write_Char                       text47       004578
_Lcd_Write_String                     text46       003E64
_PEN                                  (abs)        007E2A
_PORTAbits                            (abs)        000F80
_PORTBbits                            (abs)        000F81
_PORTCbits                            (abs)        000F82
_PORTD                                (abs)        000F83
_PORTDbits                            (abs)        000F83
_RCEN                                 (abs)        007E2B
_RCSTAbits                            (abs)        000FAB
_RSEN                                 (abs)        007E29
_RTC_Read_Clock                       text38       004322
_SPBRG                                (abs)        000FAF
_SSPADD                               (abs)        000FC8
_SSPBUF                               (abs)        000FC9
_SSPCON1                              (abs)        000FC6
_SSPCON2                              (abs)        000FC5
_SSPCON2bits                          (abs)        000FC5
_SSPIE                                (abs)        007CEB
_SSPIF                                (abs)        007CF3
_SSPSTAT                              (abs)        000FC7
_SSPSTATbits                          (abs)        000FC7
_TRISA                                (abs)        000F92
_TRISB                                (abs)        000F93
_TRISB0                               (abs)        007C98
_TRISB1                               (abs)        007C99
_TRISC                                (abs)        000F94
_TRISCbits                            (abs)        000F94
_TRISD                                (abs)        000F95
_TXREG                                (abs)        000FAD
_TXSTAbits                            (abs)        000FAC
__HRAM                                (abs)        000000
__Habs1                               abs1         000000
__Hbank0                              bank0        000000
__Hbank1                              bank1        000000
__Hbank2                              bank2        000000
__Hbank3                              bank3        000000
__Hbank4                              bank4        000000
__Hbank5                              bank5        000000
__Hbank6                              bank6        000000
__Hbank7                              bank7        000000
__Hbigbss                             bigbss       000000
__Hbigdata                            bigdata      000000
__Hbigram                             bigram       000000
__Hbss                                bss          000000
__HbssBANK0                           bssBANK0     000000
__HbssBANK1                           bssBANK1     000000
__Hcinit                              cinit        000000
__Hclrtext                            clrtext      000000
__Hcomram                             comram       000000
__Hconfig                             config       30000E
__Hconst                              const        000000
__HcstackBANK0                        cstackBANK0  000000
__HcstackCOMRAM                       cstackCOMRAM 000000
__Hdata                               data         000000
__HdataBANK1                          dataBANK1    000000
__HdataCOMRAM                         dataCOMRAM   000000
__Heeprom_data                        eeprom_data  000000
__Hfarbss                             farbss       000000
__Hfardata                            fardata      000000
__Hibigdata                           ibigdata     000000
__Hidata                              idata        000000
__HidataBANK1                         idataBANK1   000000
__HidataCOMRAM                        idataCOMRAM  000000
__Hidloc                              idloc        200008
__Hifardata                           ifardata     000000
__Hinit                               init         000004
__Hintcode                            intcode      000000
__Hintcode_body                       intcode_body 000000
__Hintcodelo                          intcodelo    000000
__Hintentry                           intentry     000000
__Hintret                             intret       000000
__Hintsave_regs                       intsave_regs 000000
__Hirdata                             irdata       000000
__Hmediumconst                        mediumconst  000000
__HnvFARRAM                           nvFARRAM     000000
__Hnvbit                              nvbit        000000
__Hnvrram                             nvrram       000000
__Hparam                              rparam       000000
__Hpowerup                            powerup      000000
__Hram                                ram          000000
__Hramtop                             ramtop       000800
__Hrbit                               rbit         000000
__Hrbss                               rbss         000000
__Hrdata                              rdata        000000
__Hreset_vec                          reset_vec    000000
__Hrparam                             rparam       000000
__Hsfr                                sfr          000000
__Hsmallconst                         smallconst   00088A
__Hspace_0                            (abs)        004757
__Hspace_1                            (abs)        000195
__Hspace_2                            (abs)        000000
__Hspace_4                            (abs)        60000E
__Hstack                              stack        000000
__Hstruct                             struct       000000
__Htemp                               temp         000000
__Htext                               text         000000
__Htext0                              text0        000000
__Htext1                              text1        000000
__Htext10                             text10       000000
__Htext11                             text11       000000
__Htext12                             text12       000000
__Htext13                             text13       000000
__Htext14                             text14       000000
__Htext15                             text15       000000
__Htext16                             text16       000000
__Htext17                             text17       000000
__Htext18                             text18       000000
__Htext19                             text19       000000
__Htext2                              text2        000000
__Htext20                             text20       000000
__Htext21                             text21       000000
__Htext22                             text22       000000
__Htext23                             text23       000000
__Htext24                             text24       000000
__Htext25                             text25       000000
__Htext26                             text26       000000
__Htext27                             text27       000000
__Htext28                             text28       000000
__Htext29                             text29       000000
__Htext3                              text3        000000
__Htext30                             text30       000000
__Htext31                             text31       000000
__Htext32                             text32       000000
__Htext33                             text33       000000
__Htext34                             text34       000000
__Htext35                             text35       000000
__Htext36                             text36       000000
__Htext37                             text37       000000
__Htext38                             text38       000000
__Htext39                             text39       000000
__Htext4                              text4        000000
__Htext40                             text40       000000
__Htext41                             text41       000000
__Htext42                             text42       000000
__Htext43                             text43       000000
__Htext44                             text44       000000
__Htext45                             text45       000000
__Htext46                             text46       000000
__Htext47                             text47       000000
__Htext48                             text48       000000
__Htext49                             text49       000000
__Htext5                              text5        000000
__Htext50                             text50       000000
__Htext51                             text51       000000
__Htext52                             text52       000000
__Htext53                             text53       000000
__Htext54                             text54       000000
__Htext55                             text55       000000
__Htext56                             text56       000000
__Htext6                              text6        000000
__Htext7                              text7        000000
__Htext8                              text8        000000
__Htext9                              text9        000000
__LRAM                                (abs)        000001
__Labs1                               abs1         000000
__Lbank0                              bank0        000000
__Lbank1                              bank1        000000
__Lbank2                              bank2        000000
__Lbank3                              bank3        000000
__Lbank4                              bank4        000000
__Lbank5                              bank5        000000
__Lbank6                              bank6        000000
__Lbank7                              bank7        000000
__Lbigbss                             bigbss       000000
__Lbigdata                            bigdata      000000
__Lbigram                             bigram       000000
__Lbss                                bss          000000
__LbssBANK0                           bssBANK0     000000
__LbssBANK1                           bssBANK1     000000
__Lcinit                              cinit        000000
__Lclrtext                            clrtext      000000
__Lcomram                             comram       000000
__Lconfig                             config       000000
__Lconst                              const        000000
__LcstackBANK0                        cstackBANK0  000000
__LcstackCOMRAM                       cstackCOMRAM 000000
__Ldata                               data         000000
__LdataBANK1                          dataBANK1    000000
__LdataCOMRAM                         dataCOMRAM   000000
__Leeprom_data                        eeprom_data  000000
__Lfarbss                             farbss       000000
__Lfardata                            fardata      000000
__Libigdata                           ibigdata     000000
__Lidata                              idata        000000
__LidataBANK1                         idataBANK1   000000
__LidataCOMRAM                        idataCOMRAM  000000
__Lidloc                              idloc        000000
__Lifardata                           ifardata     000000
__Linit                               init         000000
__Lintcode                            intcode      000000
__Lintcode_body                       intcode_body 000000
__Lintcodelo                          intcodelo    000000
__Lintentry                           intentry     000000
__Lintret                             intret       000000
__Lintsave_regs                       intsave_regs 000000
__Lirdata                             irdata       000000
__Lmediumconst                        mediumconst  000000
__LnvFARRAM                           nvFARRAM     000000
__Lnvbit                              nvbit        000000
__Lnvrram                             nvrram       000000
__Lparam                              rparam       000000
__Lpowerup                            powerup      000000
__Lram                                ram          000000
__Lramtop                             ramtop       000800
__Lrbit                               rbit         000000
__Lrbss                               rbss         000000
__Lrdata                              rdata        000000
__Lreset_vec                          reset_vec    000000
__Lrparam                             rparam       000000
__Lsfr                                sfr          000000
__Lsmallconst                         smallconst   000800
__Lspace_0                            (abs)        000000
__Lspace_1                            (abs)        000000
__Lspace_2                            (abs)        000000
__Lspace_4                            (abs)        000000
__Lstack                              stack        000000
__Lstruct                             struct       000000
__Ltemp                               temp         000000
__Ltext                               text         000000
__Ltext0                              text0        000000
__Ltext1                              text1        000000
__Ltext10                             text10       000000
__Ltext11                             text11       000000
__Ltext12                             text12       000000
__Ltext13                             text13       000000
__Ltext14                             text14       000000
__Ltext15                             text15       000000
__Ltext16                             text16       000000
__Ltext17                             text17       000000
__Ltext18                             text18       000000
__Ltext19                             text19       000000
__Ltext2                              text2        000000
__Ltext20                             text20       000000
__Ltext21                             text21       000000
__Ltext22                             text22       000000
__Ltext23                             text23       000000
__Ltext24                             text24       000000
__Ltext25                             text25       000000
__Ltext26                             text26       000000
__Ltext27                             text27       000000
__Ltext28                             text28       000000
__Ltext29                             text29       000000
__Ltext3                              text3        000000
__Ltext30                             text30       000000
__Ltext31                             text31       000000
__Ltext32                             text32       000000
__Ltext33                             text33       000000
__Ltext34                             text34       000000
__Ltext35                             text35       000000
__Ltext36                             text36       000000
__Ltext37                             text37       000000
__Ltext38                             text38       000000
__Ltext39                             text39       000000
__Ltext4                              text4        000000
__Ltext40                             text40       000000
__Ltext41                             text41       000000
__Ltext42                             text42       000000
__Ltext43                             text43       000000
__Ltext44                             text44       000000
__Ltext45                             text45       000000
__Ltext46                             text46       000000
__Ltext47                             text47       000000
__Ltext48                             text48       000000
__Ltext49                             text49       000000
__Ltext5                              text5        000000
__Ltext50                             text50       000000
__Ltext51                             text51       000000
__Ltext52                             text52       000000
__Ltext53                             text53       000000
__Ltext54                             text54       000000
__Ltext55                             text55       000000
__Ltext56                             text56       000000
__Ltext6                              text6        000000
__Ltext7                              text7        000000
__Ltext8                              text8        000000
__Ltext9                              text9        000000
__S0                                  (abs)        004757
__S1                                  (abs)        000195
__S2                                  (abs)        000000
__S4                                  (abs)        000000
__S5                                  (abs)        000000
___awdiv                              text31       003B90
___awdiv@counter                      cstackCOMRAM 000005
___awdiv@dividend                     cstackCOMRAM 000001
___awdiv@divisor                      cstackCOMRAM 000003
___awdiv@quotient                     cstackCOMRAM 000007
___awdiv@sign                         cstackCOMRAM 000006
___awmod                              text30       003D0A
___awmod@counter                      cstackCOMRAM 000005
___awmod@dividend                     cstackCOMRAM 000001
___awmod@divisor                      cstackCOMRAM 000003
___awmod@sign                         cstackCOMRAM 000006
___fladd                              text24       002106
___fladd@a                            cstackCOMRAM 000005
___fladd@aexp                         cstackCOMRAM 00000E
___fladd@b                            cstackCOMRAM 000001
___fladd@bexp                         cstackCOMRAM 00000F
___fladd@grs                          cstackCOMRAM 000010
___fladd@signs                        cstackCOMRAM 00000D
___fldiv                              text29       0029F0
___fldiv@a                            cstackCOMRAM 000005
___fldiv@aexp                         cstackCOMRAM 000019
___fldiv@b                            cstackCOMRAM 000001
___fldiv@bexp                         cstackCOMRAM 000018
___fldiv@grs                          cstackCOMRAM 000014
___fldiv@new_exp                      cstackCOMRAM 000012
___fldiv@rem                          cstackCOMRAM 00000D
___fldiv@sign                         cstackCOMRAM 000011
___fleq                               text28       003DBA
___fleq@ff1                           cstackCOMRAM 000001
___fleq@ff2                           cstackCOMRAM 000005
___flge                               text27       003728
___flge@ff1                           cstackCOMRAM 00002D
___flge@ff2                           cstackCOMRAM 000031
___flmul                              text26       0025C6
___flmul@a                            cstackCOMRAM 000018
___flmul@aexp                         cstackCOMRAM 000025
___flmul@b                            cstackCOMRAM 000014
___flmul@bexp                         cstackCOMRAM 000026
___flmul@grs                          cstackCOMRAM 000021
___flmul@prod                         cstackCOMRAM 000027
___flmul@sign                         cstackCOMRAM 000020
___flmul@temp                         cstackCOMRAM 00002B
___flneg                              text25       004508
___flneg@f1                           cstackCOMRAM 000001
___flsub                              text23       0042DC
___flsub@a                            cstackCOMRAM 000031
___flsub@b                            cstackCOMRAM 00002D
___fltol                              text22       003622
___fltol@exp1                         cstackCOMRAM 00000A
___fltol@f1                           cstackCOMRAM 000001
___fltol@sign1                        cstackCOMRAM 000009
___fpclassifyf                        text21       00382C
___fpclassifyf@F465                   bssBANK1     000104
___fpclassifyf@e                      cstackCOMRAM 000009
___fpclassifyf@u                      cstackCOMRAM 00000B
___fpclassifyf@x                      cstackCOMRAM 000001
___inthi_sp                           stack        000000
___intlo_sp                           stack        000000
___param_bank                         (abs)        000000
___rparam_used                        (abs)        000001
___sp                                 stack        000000
___wmul                               text35       004670
___wmul@multiplicand                  cstackCOMRAM 000003
___wmul@multiplier                    cstackCOMRAM 000001
___wmul@product                       cstackCOMRAM 000005
___xxtofl                             text37       00346E
___xxtofl@arg                         cstackCOMRAM 000010
___xxtofl@exp                         cstackCOMRAM 00000F
___xxtofl@sign                        cstackCOMRAM 00000E
___xxtofl@val                         cstackCOMRAM 000006
__accesstop                           (abs)        000060
__activetblptr                        (abs)        000002
__end_ofKeypad_Key_Press@F3795        smallconst   000812
__end_of_I2C_Ack                      text45       00471A
__end_of_I2C_Init                     text52       0046F2
__end_of_I2C_Nack                     text44       004706
__end_of_I2C_Read                     text42       004460
__end_of_I2C_Ready                    text43       004740
__end_of_I2C_Repeated_Start           text40       004642
__end_of_I2C_Start                    text39       004614
__end_of_I2C_Stop                     text51       00472E
__end_of_I2C_Write                    text41       0046B8
__end_of_Keypad_Init                  text56       004754
__end_of_Keypad_Key_Press             text50       003D0A
__end_of_Lcd_Clear                    text49       00474E
__end_of_Lcd_Cmd                      text54       0046D8
__end_of_Lcd_Init                     text53       003F52
__end_of_Lcd_Port                     text55       004190
__end_of_Lcd_Set_Cursor               text48       003FB8
__end_of_Lcd_Write_Char               text47       0045B0
__end_of_Lcd_Write_String             text46       003EE2
__end_of_RTC_Read_Clock               text38       004368
__end_of___awdiv                      text31       003C54
__end_of___awmod                      text30       003DBA
__end_of___fladd                      text24       0025C6
__end_of___fldiv                      text29       002D8A
__end_of___fleq                       text28       003E64
__end_of___flge                       text27       00382C
__end_of___flmul                      text26       0029F0
__end_of___flneg                      text25       004540
__end_of___flsub                      text23       004322
__end_of___fltol                      text22       003728
__end_of___fpclassifyf                text21       00392A
__end_of___wmul                       text35       004696
__end_of___xxtofl                     text37       003622
__end_of__initialization              cinit        0041DC
__end_of_activar_seguridad            text2        001BB4
__end_of_atoi                         text32       00346E
__end_of_efgtoa                       text11       0014E2
__end_of_floorf                       text20       003276
__end_of_fputc                        text18       003ACA
__end_of_fputs                        text17       0043AC
__end_of_getCad                       text36       0042DC
__end_of_isalpha                      text9        004426
__end_of_isdigit                      text34       004578
__end_of_islower                      text8        0044D0
__end_of_isspace                      text33       00428A
__end_of_isupper                      text13       004508
__end_of_main                         text0        0043EA
__end_of_pad                          text15       003B90
__end_of_putch                        text19       004756
__end_of_securityHouse                text1        004498
__end_of_sprintf                      text3        004238
__end_of_strcpy                       text14       004134
__end_of_strlen                       text16       0045E6
__end_of_strncmp                      text10       003A00
__end_of_tolower                      text12       00407A
__end_of_toupper                      text7        0040D8
__end_of_vfpfcnvrt                    text5        002106
__end_of_vfprintf                     text4        00401A
__end_of_xtoa                         text6        003064
__initialization                      cinit        004190
__mediumconst                         mediumconst  000000
__pbssBANK0                           bssBANK0     0000FA
__pbssBANK1                           bssBANK1     000100
__pcinit                              cinit        004190
__pcstackBANK0                        cstackBANK0  000060
__pcstackCOMRAM                       cstackCOMRAM 000001
__pdataBANK1                          dataBANK1    000168
__pdataCOMRAM                         dataCOMRAM   00005F
__pidataBANK1                         idataBANK1   004642
__pidataCOMRAM                        idataCOMRAM  004756
__psmallconst                         smallconst   000800
__ptext0                              text0        0043AC
__ptext1                              text1        004460
__ptext10                             text10       00392A
__ptext11                             text11       00088A
__ptext12                             text12       00401A
__ptext13                             text13       0044D0
__ptext14                             text14       0040D8
__ptext15                             text15       003ACA
__ptext16                             text16       0045B0
__ptext17                             text17       004368
__ptext18                             text18       003A00
__ptext19                             text19       004754
__ptext2                              text2        0014E2
__ptext20                             text20       003064
__ptext21                             text21       00382C
__ptext22                             text22       003622
__ptext23                             text23       0042DC
__ptext24                             text24       002106
__ptext25                             text25       004508
__ptext26                             text26       0025C6
__ptext27                             text27       003728
__ptext28                             text28       003DBA
__ptext29                             text29       0029F0
__ptext3                              text3        0041E6
__ptext30                             text30       003D0A
__ptext31                             text31       003B90
__ptext32                             text32       003276
__ptext33                             text33       004238
__ptext34                             text34       004540
__ptext35                             text35       004670
__ptext36                             text36       00428A
__ptext37                             text37       00346E
__ptext38                             text38       004322
__ptext39                             text39       0045E6
__ptext4                              text4        003FB8
__ptext40                             text40       004614
__ptext41                             text41       004696
__ptext42                             text42       004426
__ptext43                             text43       00472E
__ptext44                             text44       0046F2
__ptext45                             text45       004706
__ptext46                             text46       003E64
__ptext47                             text47       004578
__ptext48                             text48       003F52
__ptext49                             text49       004740
__ptext5                              text5        001BB4
__ptext50                             text50       003C54
__ptext51                             text51       00471A
__ptext52                             text52       0046D8
__ptext53                             text53       003EE2
__ptext54                             text54       0046B8
__ptext55                             text55       004134
__ptext56                             text56       00474E
__ptext6                              text6        002D8A
__ptext7                              text7        00407A
__ptext8                              text8        004498
__ptext9                              text9        0043EA
__ramtop                              ramtop       000800
__size_of_I2C_Ack                     (abs)        000000
__size_of_I2C_Init                    (abs)        000000
__size_of_I2C_Nack                    (abs)        000000
__size_of_I2C_Read                    (abs)        000000
__size_of_I2C_Ready                   (abs)        000000
__size_of_I2C_Repeated_Start          (abs)        000000
__size_of_I2C_Start                   (abs)        000000
__size_of_I2C_Stop                    (abs)        000000
__size_of_I2C_Write                   (abs)        000000
__size_of_Keypad_Init                 (abs)        000000
__size_of_Keypad_Key_Press            (abs)        000000
__size_of_Lcd_Clear                   (abs)        000000
__size_of_Lcd_Cmd                     (abs)        000000
__size_of_Lcd_Init                    (abs)        000000
__size_of_Lcd_Port                    (abs)        000000
__size_of_Lcd_Set_Cursor              (abs)        000000
__size_of_Lcd_Write_Char              (abs)        000000
__size_of_Lcd_Write_String            (abs)        000000
__size_of_RTC_Read_Clock              (abs)        000000
__size_of___awdiv                     (abs)        000000
__size_of___awmod                     (abs)        000000
__size_of___fladd                     (abs)        000000
__size_of___fldiv                     (abs)        000000
__size_of___fleq                      (abs)        000000
__size_of___flge                      (abs)        000000
__size_of___flmul                     (abs)        000000
__size_of___flneg                     (abs)        000000
__size_of___flsub                     (abs)        000000
__size_of___fltol                     (abs)        000000
__size_of___fpclassifyf               (abs)        000000
__size_of___wmul                      (abs)        000000
__size_of___xxtofl                    (abs)        000000
__size_of_activar_seguridad           (abs)        000000
__size_of_atoi                        (abs)        000000
__size_of_efgtoa                      (abs)        000000
__size_of_floorf                      (abs)        000000
__size_of_fputc                       (abs)        000000
__size_of_fputs                       (abs)        000000
__size_of_getCad                      (abs)        000000
__size_of_isalpha                     (abs)        000000
__size_of_isdigit                     (abs)        000000
__size_of_islower                     (abs)        000000
__size_of_isspace                     (abs)        000000
__size_of_isupper                     (abs)        000000
__size_of_main                        (abs)        000000
__size_of_pad                         (abs)        000000
__size_of_putch                       (abs)        000000
__size_of_securityHouse               (abs)        000000
__size_of_sprintf                     (abs)        000000
__size_of_strcpy                      (abs)        000000
__size_of_strlen                      (abs)        000000
__size_of_strncmp                     (abs)        000000
__size_of_tolower                     (abs)        000000
__size_of_toupper                     (abs)        000000
__size_of_vfpfcnvrt                   (abs)        000000
__size_of_vfprintf                    (abs)        000000
__size_of_xtoa                        (abs)        000000
__smallconst                          smallconst   000800
_activar_seguridad                    text2        0014E2
_activar_seguridad$1864               cstackBANK0  0000E2
_activar_seguridad$774                cstackBANK0  0000E6
_activar_seguridad$778                cstackBANK0  0000E8
_activar_seguridad$779                cstackBANK0  0000EA
_activar_seguridad$780                cstackBANK0  0000EC
_atoi                                 text32       003276
_atoi$1298                            cstackCOMRAM 000010
_atoi$1299                            cstackCOMRAM 000014
_atoi$1300                            cstackCOMRAM 000012
_aux_contrasenia                      bssBANK1     000164
_buffer_TX                            dataBANK1    00017D
_buffer_TX2                           dataBANK1    000168
_contador                             bssBANK1     00010C
_contrasenia                          dataBANK1    00018F
_dbuf                                 bssBANK1     000114
_efgtoa                               text11       00088A
_efgtoa$1447                          cstackBANK0  000060
_efgtoa$1448                          cstackBANK0  000062
_efgtoa$1453                          cstackBANK0  000064
_efgtoa$1457                          cstackBANK0  000066
_efgtoa$1458                          cstackBANK0  000068
_efgtoa$1459                          cstackBANK0  00006A
_estado_dia                           dataCOMRAM   00005F
_estado_teclado                       bssBANK0     0000FE
_flags                                bssBANK0     0000FC
_floorf                               text20       003064
_fputc                                text18       003A00
_fputs                                text17       004368
_getCad                               text36       00428A
_hour                                 bssBANK1     00010E
_isalpha                              text9        0043EA
_isdigit                              text34       004540
_islower                              text8        004498
_isspace                              text33       004238
_isspace$1316                         cstackCOMRAM 000007
_isupper                              text13       0044D0
_main                                 text0        0043AC
_min                                  bssBANK1     000110
_nout                                 bssBANK1     000108
_pad                                  text15       003ACA
_prec                                 bssBANK0     0000FA
_putch                                text19       004754
_retardo                              dataBANK1    000193
_sec                                  bssBANK1     000112
_securityHouse                        text1        004460
_sprintf                              text3        0041E6
_strcpy                               text14       0040D8
_strlen                               text16       0045B0
_strncmp                              text10       00392A
_tecla                                bssBANK0     0000FF
_tolower                              text12       00401A
_tolower$1595                         cstackCOMRAM 00000D
_toupper                              text7        00407A
_toupper$1610                         cstackCOMRAM 00000D
_vfpfcnvrt                            text5        001BB4
_vfpfcnvrt$1484                       cstackBANK0  0000A0
_vfpfcnvrt$1488                       cstackBANK0  0000A2
_vfprintf                             text4        003FB8
_width                                bssBANK1     00010A
_xtoa                                 text6        002D8A
_xtoa$1469                            cstackCOMRAM 00002F
_xtoa$1470                            cstackCOMRAM 000031
activar_seguridad@Temperatura         cstackBANK0  0000BA
activar_seguridad@hours               cstackBANK0  0000D8
activar_seguridad@i                   cstackBANK0  0000F6
activar_seguridad@i_836               cstackBANK0  0000F2
activar_seguridad@i_837               cstackBANK0  0000F4
activar_seguridad@mins                cstackBANK0  0000CE
activar_seguridad@secs                cstackBANK0  0000C4
activar_seguridad@temperatura         cstackBANK0  0000EE
atoi@n                                cstackCOMRAM 000015
atoi@neg                              cstackCOMRAM 00000E
atoi@s                                cstackCOMRAM 000008
efgtoa@c                              cstackCOMRAM 00003F
efgtoa@d                              cstackBANK0  000078
efgtoa@e                              cstackBANK0  000090
efgtoa@f                              cstackCOMRAM 00003B
efgtoa@fp                             cstackCOMRAM 000039
efgtoa@g                              cstackBANK0  00008C
efgtoa@h                              cstackBANK0  000082
efgtoa@i                              cstackBANK0  00008A
efgtoa@l                              cstackBANK0  000086
efgtoa@m                              cstackBANK0  000072
efgtoa@mode                           cstackBANK0  000081
efgtoa@n                              cstackBANK0  000092
efgtoa@ne                             cstackBANK0  000070
efgtoa@nmode                          cstackBANK0  000080
efgtoa@ou                             cstackBANK0  000074
efgtoa@p                              cstackBANK0  00007C
efgtoa@pp                             cstackBANK0  00006E
efgtoa@sign                           cstackBANK0  00007A
efgtoa@t                              cstackBANK0  00006C
efgtoa@u                              cstackBANK0  000094
efgtoa@w                              cstackBANK0  00007E
end_of_initialization                 cinit        0041DC
floorf@F527                           bssBANK1     000100
floorf@e                              cstackCOMRAM 000028
floorf@m                              cstackCOMRAM 000024
floorf@u                              cstackCOMRAM 00002A
floorf@x                              cstackCOMRAM 00001A
fputc@c                               cstackCOMRAM 000001
fputc@fp                              cstackCOMRAM 000003
fputs@c                               cstackCOMRAM 00000E
fputs@fp                              cstackCOMRAM 00000C
fputs@i                               cstackCOMRAM 00000F
fputs@s                               cstackCOMRAM 00000A
getCad@canal                          cstackCOMRAM 000005
intlevel0                             text         000000
intlevel1                             text         000000
intlevel2                             text         000000
intlevel3                             text         000000
isalpha@c                             cstackCOMRAM 000001
isdigit@c                             cstackCOMRAM 000001
islower@c                             cstackCOMRAM 000001
isspace@c                             cstackCOMRAM 000001
isupper@c                             cstackCOMRAM 000001
pad@buf                               cstackCOMRAM 000013
pad@fp                                cstackCOMRAM 000011
pad@i                                 cstackCOMRAM 000018
pad@p                                 cstackCOMRAM 000015
pad@w                                 cstackCOMRAM 00001A
securityHouse@valor                   cstackBANK0  0000F8
sprintf@ap                            cstackBANK0  0000AE
sprintf@f                             cstackBANK0  0000B0
sprintf@fmt                           cstackCOMRAM 000059
sprintf@s                             cstackCOMRAM 000057
stackhi                               (abs)        0007FF
stacklo                               (abs)        000195
start                                 init         000000
start_initialization                  cinit        004190
strcpy@d                              cstackCOMRAM 000009
strcpy@dest                           cstackCOMRAM 000001
strcpy@s                              cstackCOMRAM 000007
strcpy@src                            cstackCOMRAM 000003
strlen@a                              cstackCOMRAM 000003
strlen@s                              cstackCOMRAM 000001
strncmp@_l                            cstackCOMRAM 000001
strncmp@_r                            cstackCOMRAM 000003
strncmp@l                             cstackCOMRAM 000008
strncmp@n                             cstackCOMRAM 000005
strncmp@r                             cstackCOMRAM 00000A
tolower@c                             cstackCOMRAM 000007
toupper@c                             cstackCOMRAM 000007
vfpfcnvrt@ap                          cstackCOMRAM 000049
vfpfcnvrt@c                           cstackBANK0  0000AB
vfpfcnvrt@ct                          cstackBANK0  0000A8
vfpfcnvrt@f                           cstackBANK0  0000A4
vfpfcnvrt@fmt                         cstackCOMRAM 000047
vfpfcnvrt@fp                          cstackCOMRAM 000045
vfpfcnvrt@llu                         cstackBANK0  000098
vfprintf@ap                           cstackCOMRAM 000053
vfprintf@cfmt                         cstackCOMRAM 000055
vfprintf@fmt                          cstackCOMRAM 000051
vfprintf@fp                           cstackCOMRAM 00004F
xtoa@c                                cstackCOMRAM 000041
xtoa@d                                cstackCOMRAM 00001E
xtoa@fp                               cstackCOMRAM 00001C
xtoa@i                                cstackCOMRAM 00003F
xtoa@n                                cstackCOMRAM 000037
xtoa@p                                cstackCOMRAM 000033
xtoa@w                                cstackCOMRAM 000035
xtoa@x                                cstackCOMRAM 000026


FUNCTION INFORMATION:

 *************** function _main *****************
 Defined at:
		line 279 in file "main.c"
 Parameters:    Size  Location     Type
		None
 Auto vars:     Size  Location     Type
		None
 Return value:  Size  Location     Type
                  1    wreg      void 
 Registers used:
		wreg, fsr1l, fsr1h, fsr2l, fsr2h, status,2, status,0, tblptrl, tblptrh, tblptru, prodl, prodh, cstack
 Tracked objects:
		On entry : 
		On exit  : 
		Unchanged: 
 Data sizes:     COMRAM   BANK0   BANK1   BANK2   BANK3   BANK4   BANK5   BANK6   BANK7
      Params:         0       0       0       0       0       0       0       0       0
      Locals:         0       0       0       0       0       0       0       0       0
      Temps:          0       0       0       0       0       0       0       0       0
      Totals:         0       0       0       0       0       0       0       0       0
Total ram usage:        0 bytes
 Hardware stack levels required when called:   10
 This function calls:
		_Keypad_Init
		_Lcd_Clear
		_Lcd_Init
		_Lcd_Set_Cursor
		_Lcd_Write_String
		_securityHouse
 This function is called by:
		Startup code after reset
 This function uses a non-reentrant model


 *************** function _securityHouse *****************
 Defined at:
		line 271 in file "main.c"
 Parameters:    Size  Location     Type
  valor           2  152[BANK0 ] int 
 Auto vars:     Size  Location     Type
		None
 Return value:  Size  Location     Type
                  1    wreg      void 
 Registers used:
		wreg, fsr1l, fsr1h, fsr2l, fsr2h, status,2, status,0, tblptrl, tblptrh, tblptru, prodl, prodh, cstack
 Tracked objects:
		On entry : 
		On exit  : 
		Unchanged: 
 Data sizes:     COMRAM   BANK0   BANK1   BANK2   BANK3   BANK4   BANK5   BANK6   BANK7
      Params:         0       2       0       0       0       0       0       0       0
      Locals:         0       0       0       0       0       0       0       0       0
      Temps:          0       0       0       0       0       0       0       0       0
      Totals:         0       2       0       0       0       0       0       0       0
Total ram usage:        2 bytes
 Hardware stack levels used:    1
 Hardware stack levels required when called:    9
 This function calls:
		_activar_seguridad
 This function is called by:
		_main
 This function uses a non-reentrant model


 *************** function _activar_seguridad *****************
 Defined at:
		line 102 in file "main.c"
 Parameters:    Size  Location     Type
		None
 Auto vars:     Size  Location     Type
  i               2  148[BANK0 ] int 
  i               2  146[BANK0 ] int 
  hours          10  120[BANK0 ] unsigned char [10]
  mins           10  110[BANK0 ] unsigned char [10]
  secs           10  100[BANK0 ] unsigned char [10]
  Temperatura    10   90[BANK0 ] unsigned char [10]
  temperatura     4  142[BANK0 ] float 
  i               2  150[BANK0 ] int 
 Return value:  Size  Location     Type
                  1    wreg      void 
 Registers used:
		wreg, fsr1l, fsr1h, fsr2l, fsr2h, status,2, status,0, tblptrl, tblptrh, tblptru, prodl, prodh, cstack
 Tracked objects:
		On entry : 
		On exit  : 
		Unchanged: 
 Data sizes:     COMRAM   BANK0   BANK1   BANK2   BANK3   BANK4   BANK5   BANK6   BANK7
      Params:         0       0       0       0       0       0       0       0       0
      Locals:         0      62       0       0       0       0       0       0       0
      Temps:          0       4       0       0       0       0       0       0       0
      Totals:         0      66       0       0       0       0       0       0       0
Total ram usage:       66 bytes
 Hardware stack levels used:    1
 Hardware stack levels required when called:    8
 This function calls:
		_I2C_Init
		_I2C_Stop
		_Keypad_Key_Press
		_Lcd_Clear
		_Lcd_Set_Cursor
		_Lcd_Write_Char
		_Lcd_Write_String
		_RTC_Read_Clock
		___flge
		___flmul
		___xxtofl
		_atoi
		_getCad
		_isdigit
		_sprintf
 This function is called by:
		_securityHouse
 This function uses a non-reentrant model


 *************** function _sprintf *****************
 Defined at:
		line 9 in file "C:\Program Files\Microchip\xc8\v2.31\pic\sources\c99\common\nf_sprintf.c"
 Parameters:    Size  Location     Type
  s               2   86[COMRAM] PTR unsigned char 
		 -> activar_seguridad@Temperatura(10), activar_seguridad@hours(10), activar_seguridad@mins(10), activar_seguridad@secs(10), 
  fmt             2   88[COMRAM] PTR const unsigned char 
		 -> STR_8(5), STR_7(9), STR_6(4), STR_5(4), 
 Auto vars:     Size  Location     Type
  f               6   80[BANK0 ] struct _IO_FILE
  ap              2   78[BANK0 ] PTR void [1]
		 -> ?_sprintf(2), 
  ret             2    0        int 
 Return value:  Size  Location     Type
                  2   86[COMRAM] int 
 Registers used:
		wreg, fsr1l, fsr1h, fsr2l, fsr2h, status,2, status,0, tblptrl, tblptrh, tblptru, prodl, prodh, cstack
 Tracked objects:
		On entry : 
		On exit  : 
		Unchanged: 
 Data sizes:     COMRAM   BANK0   BANK1   BANK2   BANK3   BANK4   BANK5   BANK6   BANK7
      Params:         8       0       0       0       0       0       0       0       0
      Locals:         0      10       0       0       0       0       0       0       0
      Temps:          0       0       0       0       0       0       0       0       0
      Totals:         8      10       0       0       0       0       0       0       0
Total ram usage:       18 bytes
 Hardware stack levels used:    1
 Hardware stack levels required when called:    7
 This function calls:
		_vfprintf
 This function is called by:
		_activar_seguridad
 This function uses a non-reentrant model


 *************** function _vfprintf *****************
 Defined at:
		line 1390 in file "C:\Program Files\Microchip\xc8\v2.31\pic\sources\c99\common\doprnt.c"
 Parameters:    Size  Location     Type
  fp              2   78[COMRAM] PTR struct _IO_FILE
		 -> sprintf@f(6), 
  fmt             2   80[COMRAM] PTR const unsigned char 
		 -> STR_8(5), STR_7(9), STR_6(4), STR_5(4), 
  ap              2   82[COMRAM] PTR PTR void 
		 -> sprintf@ap(2), 
 Auto vars:     Size  Location     Type
  cfmt            2   84[COMRAM] PTR unsigned char 
		 -> STR_8(5), STR_7(9), STR_6(4), STR_5(4), 
 Return value:  Size  Location     Type
                  2   78[COMRAM] int 
 Registers used:
		wreg, fsr1l, fsr1h, fsr2l, fsr2h, status,2, status,0, tblptrl, tblptrh, tblptru, prodl, prodh, cstack
 Tracked objects:
		On entry : 
		On exit  : 
		Unchanged: 
 Data sizes:     COMRAM   BANK0   BANK1   BANK2   BANK3   BANK4   BANK5   BANK6   BANK7
      Params:         6       0       0       0       0       0       0       0       0
      Locals:         2       0       0       0       0       0       0       0       0
      Temps:          0       0       0       0       0       0       0       0       0
      Totals:         8       0       0       0       0       0       0       0       0
Total ram usage:        8 bytes
 Hardware stack levels used:    1
 Hardware stack levels required when called:    6
 This function calls:
		_vfpfcnvrt
 This function is called by:
		_sprintf
 This function uses a non-reentrant model


 *************** function _vfpfcnvrt *****************
 Defined at:
		line 692 in file "C:\Program Files\Microchip\xc8\v2.31\pic\sources\c99\common\doprnt.c"
 Parameters:    Size  Location     Type
  fp              2   68[COMRAM] PTR struct _IO_FILE
		 -> sprintf@f(6), 
  fmt             2   70[COMRAM] PTR PTR unsigned char 
		 -> vfprintf@cfmt(2), 
  ap              2   72[COMRAM] PTR PTR void 
		 -> sprintf@ap(2), 
 Auto vars:     Size  Location     Type
  llu             8   56[BANK0 ] unsigned long long 
  ll              8    0        long long 
  f               4   68[BANK0 ] long long 
  ct              3   72[BANK0 ] unsigned char [3]
  vp              3    0        PTR void 
  cp              3    0        PTR unsigned char 
  i               2    0        int 
  done            2    0        int 
  c               1   75[BANK0 ] unsigned char 
 Return value:  Size  Location     Type
                  2   68[COMRAM] int 
 Registers used:
		wreg, fsr1l, fsr1h, fsr2l, fsr2h, status,2, status,0, tblptrl, tblptrh, tblptru, prodl, prodh, cstack
 Tracked objects:
		On entry : 
		On exit  : 
		Unchanged: 
 Data sizes:     COMRAM   BANK0   BANK1   BANK2   BANK3   BANK4   BANK5   BANK6   BANK7
      Params:         6       0       0       0       0       0       0       0       0
      Locals:         0      20       0       0       0       0       0       0       0
      Temps:          4       0       0       0       0       0       0       0       0
      Totals:        10      20       0       0       0       0       0       0       0
Total ram usage:       30 bytes
 Hardware stack levels used:    1
 Hardware stack levels required when called:    5
 This function calls:
		_atoi
		_efgtoa
		_fputc
		_isdigit
		_isupper
		_strncmp
		_tolower
		_xtoa
 This function is called by:
		_vfprintf
 This function uses a non-reentrant model


 *************** function _xtoa *****************
 Defined at:
		line 645 in file "C:\Program Files\Microchip\xc8\v2.31\pic\sources\c99\common\doprnt.c"
 Parameters:    Size  Location     Type
  fp              2   27[COMRAM] PTR struct _IO_FILE
		 -> sprintf@f(6), 
  d               8   29[COMRAM] unsigned long long 
  x               1   37[COMRAM] unsigned char 
 Auto vars:     Size  Location     Type
  n               8   54[COMRAM] unsigned long long 
  c               2   64[COMRAM] int 
  i               2   62[COMRAM] int 
  w               2   52[COMRAM] int 
  p               2   50[COMRAM] int 
 Return value:  Size  Location     Type
                  2   27[COMRAM] int 
 Registers used:
		wreg, fsr1l, fsr1h, fsr2l, fsr2h, status,2, status,0, cstack
 Tracked objects:
		On entry : 
		On exit  : 
		Unchanged: 
 Data sizes:     COMRAM   BANK0   BANK1   BANK2   BANK3   BANK4   BANK5   BANK6   BANK7
      Params:        11       0       0       0       0       0       0       0       0
      Locals:        20       0       0       0       0       0       0       0       0
      Temps:          8       0       0       0       0       0       0       0       0
      Totals:        39       0       0       0       0       0       0       0       0
Total ram usage:       39 bytes
 Hardware stack levels used:    1
 Hardware stack levels required when called:    4
 This function calls:
		_isalpha
		_isupper
		_pad
		_toupper
 This function is called by:
		_vfpfcnvrt
 This function uses a non-reentrant model


 *************** function _toupper *****************
 Defined at:
		line 4 in file "C:\Program Files\Microchip\xc8\v2.31\pic\sources\c99\common\toupper.c"
 Parameters:    Size  Location     Type
  c               2    6[COMRAM] int 
 Auto vars:     Size  Location     Type
		None
 Return value:  Size  Location     Type
                  2    6[COMRAM] int 
 Registers used:
		wreg, status,2, status,0
 Tracked objects:
		On entry : 
		On exit  : 
		Unchanged: 
 Data sizes:     COMRAM   BANK0   BANK1   BANK2   BANK3   BANK4   BANK5   BANK6   BANK7
      Params:         2       0       0       0       0       0       0       0       0
      Locals:         2       0       0       0       0       0       0       0       0
      Temps:          4       0       0       0       0       0       0       0       0
      Totals:         8       0       0       0       0       0       0       0       0
Total ram usage:        8 bytes
 Hardware stack levels used:    1
 Hardware stack levels required when called:    1
 This function calls:
		_islower
 This function is called by:
		_xtoa
 This function uses a non-reentrant model


 *************** function _islower *****************
 Defined at:
		line 5 in file "C:\Program Files\Microchip\xc8\v2.31\pic\sources\c99\common\islower.c"
 Parameters:    Size  Location     Type
  c               2    0[COMRAM] int 
 Auto vars:     Size  Location     Type
		None
 Return value:  Size  Location     Type
                  2    0[COMRAM] int 
 Registers used:
		wreg, status,2, status,0
 Tracked objects:
		On entry : 
		On exit  : 
		Unchanged: 
 Data sizes:     COMRAM   BANK0   BANK1   BANK2   BANK3   BANK4   BANK5   BANK6   BANK7
      Params:         2       0       0       0       0       0       0       0       0
      Locals:         0       0       0       0       0       0       0       0       0
      Temps:          4       0       0       0       0       0       0       0       0
      Totals:         6       0       0       0       0       0       0       0       0
Total ram usage:        6 bytes
 Hardware stack levels used:    1
 This function calls:
		Nothing
 This function is called by:
		_toupper
 This function uses a non-reentrant model


 *************** function _isalpha *****************
 Defined at:
		line 5 in file "C:\Program Files\Microchip\xc8\v2.31\pic\sources\c99\common\isalpha.c"
 Parameters:    Size  Location     Type
  c               2    0[COMRAM] int 
 Auto vars:     Size  Location     Type
		None
 Return value:  Size  Location     Type
                  2    0[COMRAM] int 
 Registers used:
		wreg, status,2, status,0
 Tracked objects:
		On entry : 
		On exit  : 
		Unchanged: 
 Data sizes:     COMRAM   BANK0   BANK1   BANK2   BANK3   BANK4   BANK5   BANK6   BANK7
      Params:         2       0       0       0       0       0       0       0       0
      Locals:         0       0       0       0       0       0       0       0       0
      Temps:          4       0       0       0       0       0       0       0       0
      Totals:         6       0       0       0       0       0       0       0       0
Total ram usage:        6 bytes
 Hardware stack levels used:    1
 This function calls:
		Nothing
 This function is called by:
		_xtoa
 This function uses a non-reentrant model


 *************** function _strncmp *****************
 Defined at:
		line 3 in file "C:\Program Files\Microchip\xc8\v2.31\pic\sources\c99\common\strncmp.c"
 Parameters:    Size  Location     Type
  _l              2    0[COMRAM] PTR const unsigned char 
		 -> vfpfcnvrt@ct(3), 
  _r              2    2[COMRAM] PTR const unsigned char 
		 -> STR_21(3), 
  n               2    4[COMRAM] unsigned int 
 Auto vars:     Size  Location     Type
  r               2    9[COMRAM] PTR const unsigned char 
		 -> STR_21(3), 
  l               2    7[COMRAM] PTR const unsigned char 
		 -> vfpfcnvrt@ct(3), 
 Return value:  Size  Location     Type
                  2    0[COMRAM] int 
 Registers used:
		wreg, fsr2l, fsr2h, status,2, status,0, tblptrl, tblptrh, tblptru
 Tracked objects:
		On entry : 
		On exit  : 
		Unchanged: 
 Data sizes:     COMRAM   BANK0   BANK1   BANK2   BANK3   BANK4   BANK5   BANK6   BANK7
      Params:         6       0       0       0       0       0       0       0       0
      Locals:         4       0       0       0       0       0       0       0       0
      Temps:          1       0       0       0       0       0       0       0       0
      Totals:        11       0       0       0       0       0       0       0       0
Total ram usage:       11 bytes
 Hardware stack levels used:    1
 This function calls:
		Nothing
 This function is called by:
		_vfpfcnvrt
 This function uses a non-reentrant model


 *************** function _efgtoa *****************
 Defined at:
		line 332 in file "C:\Program Files\Microchip\xc8\v2.31\pic\sources\c99\common\doprnt.c"
 Parameters:    Size  Location     Type
  fp              2   56[COMRAM] PTR struct _IO_FILE
		 -> sprintf@f(6), 
  f               4   58[COMRAM] PTR struct _IO_FILE
  c               1   62[COMRAM] unsigned char 
 Auto vars:     Size  Location     Type
  u               4   52[BANK0 ] unsigned char 
  g               4   44[BANK0 ] unsigned char 
  l               4   38[BANK0 ] unsigned char 
  h               4   34[BANK0 ] unsigned char 
  ou              4   20[BANK0 ] unsigned char 
  n               2   50[BANK0 ] int 
  e               2   48[BANK0 ] int 
  i               2   42[BANK0 ] int 
  w               2   30[BANK0 ] int 
  p               2   28[BANK0 ] int 
  sign            2   26[BANK0 ] int 
  d               2   24[BANK0 ] int 
  m               2   18[BANK0 ] int 
  ne              2   16[BANK0 ] int 
  pp              2   14[BANK0 ] int 
  t               2   12[BANK0 ] int 
  mode            1   33[BANK0 ] unsigned char 
  nmode           1   32[BANK0 ] unsigned char 
 Return value:  Size  Location     Type
                  2   56[COMRAM] int 
 Registers used:
		wreg, fsr1l, fsr1h, fsr2l, fsr2h, status,2, status,0, tblptrl, tblptrh, tblptru, prodl, prodh, cstack
 Tracked objects:
		On entry : 
		On exit  : 
		Unchanged: 
 Data sizes:     COMRAM   BANK0   BANK1   BANK2   BANK3   BANK4   BANK5   BANK6   BANK7
      Params:         7       0       0       0       0       0       0       0       0
      Locals:         0      56       0       0       0       0       0       0       0
      Temps:          5       0       0       0       0       0       0       0       0
      Totals:        12      56       0       0       0       0       0       0       0
Total ram usage:       68 bytes
 Hardware stack levels used:    1
 Hardware stack levels required when called:    4
 This function calls:
		___awdiv
		___awmod
		___fladd
		___fldiv
		___fleq
		___flge
		___flmul
		___flneg
		___flsub
		___fltol
		___fpclassifyf
		_floorf
		_isupper
		_pad
[...]
  i               2    8[COMRAM] int 
 Return value:  Size  Location     Type
                  1    wreg      void 
 Registers used:
		wreg, fsr1l, fsr1h, status,2, status,0, tblptrl, tblptrh, tblptru, cstack
 Tracked objects:
		On entry : 
		On exit  : 
		Unchanged: 
 Data sizes:     COMRAM   BANK0   BANK1   BANK2   BANK3   BANK4   BANK5   BANK6   BANK7
      Params:         2       0       0       0       0       0       0       0       0
      Locals:         2       0       0       0       0       0       0       0       0
      Temps:          2       0       0       0       0       0       0       0       0
      Totals:         6       0       0       0       0       0       0       0       0
Total ram usage:        6 bytes
 Hardware stack levels used:    1
 Hardware stack levels required when called:    2
 This function calls:
		_Lcd_Write_Char
 This function is called by:
		_activar_seguridad
		_main
 This function uses a non-reentrant model


 *************** function _Lcd_Write_Char *****************
 Defined at:
		line 81 in file "./lcd.h"
 Parameters:    Size  Location     Type
  a               1    wreg     unsigned char 
 Auto vars:     Size  Location     Type
  a               1    3[COMRAM] unsigned char 
  y               1    2[COMRAM] unsigned char 
  temp            1    1[COMRAM] unsigned char 
 Return value:  Size  Location     Type
                  1    wreg      void 
 Registers used:
		wreg, status,2, status,0, cstack
 Tracked objects:
		On entry : 
		On exit  : 
		Unchanged: 
 Data sizes:     COMRAM   BANK0   BANK1   BANK2   BANK3   BANK4   BANK5   BANK6   BANK7
      Params:         0       0       0       0       0       0       0       0       0
      Locals:         3       0       0       0       0       0       0       0       0
      Temps:          0       0       0       0       0       0       0       0       0
      Totals:         3       0       0       0       0       0       0       0       0
Total ram usage:        3 bytes
 Hardware stack levels used:    1
 Hardware stack levels required when called:    1
 This function calls:
		_Lcd_Port
 This function is called by:
		_Lcd_Write_String
		_activar_seguridad
 This function uses a non-reentrant model


 *************** function _Lcd_Set_Cursor *****************
 Defined at:
		line 41 in file "./lcd.h"
 Parameters:    Size  Location     Type
  a               1    wreg     unsigned char 
  b               1    3[COMRAM] unsigned char 
 Auto vars:     Size  Location     Type
  a               1    4[COMRAM] unsigned char 
  temp            1    7[COMRAM] unsigned char 
  y               1    6[COMRAM] unsigned char 
  z               1    5[COMRAM] unsigned char 
 Return value:  Size  Location     Type
                  1    wreg      void 
 Registers used:
		wreg, status,2, status,0, cstack
 Tracked objects:
		On entry : 
		On exit  : 
		Unchanged: 
 Data sizes:     COMRAM   BANK0   BANK1   BANK2   BANK3   BANK4   BANK5   BANK6   BANK7
      Params:         1       0       0       0       0       0       0       0       0
      Locals:         4       0       0       0       0       0       0       0       0
      Temps:          0       0       0       0       0       0       0       0       0
      Totals:         5       0       0       0       0       0       0       0       0
Total ram usage:        5 bytes
 Hardware stack levels used:    1
 Hardware stack levels required when called:    2
 This function calls:
		_Lcd_Cmd
 This function is called by:
		_activar_seguridad
		_main
 This function uses a non-reentrant model


 *************** function _Lcd_Clear *****************
 Defined at:
		line 35 in file "./lcd.h"
 Parameters:    Size  Location     Type
		None
 Auto vars:     Size  Location     Type
		None
 Return value:  Size  Location     Type
                  2  112[None  ] int 
 Registers used:
		wreg, status,2, cstack
 Tracked objects:
		On entry : 
		On exit  : 
		Unchanged: 
 Data sizes:     COMRAM   BANK0   BANK1   BANK2   BANK3   BANK4   BANK5   BANK6   BANK7
      Params:         0       0       0       0       0       0       0       0       0
      Locals:         0       0       0       0       0       0       0       0       0
      Temps:          0       0       0       0       0       0       0       0       0
      Totals:         0       0       0       0       0       0       0       0       0
Total ram usage:        0 bytes
 Hardware stack levels used:    1
 Hardware stack levels required when called:    2
 This function calls:
		_Lcd_Cmd
 This function is called by:
		_activar_seguridad
		_main
 This function uses a non-reentrant model


 *************** function _Keypad_Key_Press *****************
 Defined at:
		line 82 in file "main.c"
 Parameters:    Size  Location     Type
		None
 Auto vars:     Size  Location     Type
  keypad_deco    17    0[COMRAM] const unsigned char [17]
  fila            2   19[COMRAM] unsigned int 
  tec             2   17[COMRAM] unsigned int 
 Return value:  Size  Location     Type
                  1    wreg      unsigned char 
 Registers used:
		wreg, fsr2l, fsr2h, status,2, status,0, tblptrl, tblptrh, tblptru
 Tracked objects:
		On entry : 
		On exit  : 
		Unchanged: 
 Data sizes:     COMRAM   BANK0   BANK1   BANK2   BANK3   BANK4   BANK5   BANK6   BANK7
      Params:         0       0       0       0       0       0       0       0       0
      Locals:        21       0       0       0       0       0       0       0       0
      Temps:          0       0       0       0       0       0       0       0       0
      Totals:        21       0       0       0       0       0       0       0       0
Total ram usage:       21 bytes
 Hardware stack levels used:    1
 This function calls:
		Nothing
 This function is called by:
		_activar_seguridad
 This function uses a non-reentrant model


 *************** function _I2C_Stop *****************
 Defined at:
		line 112 in file "./I2C_Master_File.h"
 Parameters:    Size  Location     Type
		None
 Auto vars:     Size  Location     Type
		None
 Return value:  Size  Location     Type
                  1    wreg      unsigned char 
 Registers used:
		wreg
 Tracked objects:
		On entry : 
		On exit  : 
		Unchanged: 
 Data sizes:     COMRAM   BANK0   BANK1   BANK2   BANK3   BANK4   BANK5   BANK6   BANK7
      Params:         0       0       0       0       0       0       0       0       0
      Locals:         0       0       0       0       0       0       0       0       0
      Temps:          0       0       0       0       0       0       0       0       0
      Totals:         0       0       0       0       0       0       0       0       0
Total ram usage:        0 bytes
 Hardware stack levels used:    1
 This function calls:
		Nothing
 This function is called by:
		_activar_seguridad
		_I2C_Start_Wait
 This function uses a non-reentrant model


 *************** function _I2C_Init *****************
 Defined at:
		line 48 in file "./I2C_Master_File.h"
 Parameters:    Size  Location     Type
		None
 Auto vars:     Size  Location     Type
		None
 Return value:  Size  Location     Type
                  1    wreg      void 
 Registers used:
		wreg, status,2
 Tracked objects:
		On entry : 
		On exit  : 
		Unchanged: 
 Data sizes:     COMRAM   BANK0   BANK1   BANK2   BANK3   BANK4   BANK5   BANK6   BANK7
      Params:         0       0       0       0       0       0       0       0       0
      Locals:         0       0       0       0       0       0       0       0       0
      Temps:          0       0       0       0       0       0       0       0       0
      Totals:         0       0       0       0       0       0       0       0       0
Total ram usage:        0 bytes
 Hardware stack levels used:    1
 This function calls:
		Nothing
 This function is called by:
		_activar_seguridad
 This function uses a non-reentrant model


 *************** function _Lcd_Init *****************
 Defined at:
		line 62 in file "./lcd.h"
 Parameters:    Size  Location     Type
		None
 Auto vars:     Size  Location     Type
		None
 Return value:  Size  Location     Type
                  1    wreg      void 
 Registers used:
		wreg, status,2, cstack
 Tracked objects:
		On entry : 
		On exit  : 
		Unchanged: 
 Data sizes:     COMRAM   BANK0   BANK1   BANK2   BANK3   BANK4   BANK5   BANK6   BANK7
      Params:         0       0       0       0       0       0       0       0       0
      Locals:         0       0       0       0       0       0       0       0       0
      Temps:          1       0       0       0       0       0       0       0       0
      Totals:         1       0       0       0       0       0       0       0       0
Total ram usage:        1 bytes
 Hardware stack levels used:    1
 Hardware stack levels required when called:    2
 This function calls:
		_Lcd_Cmd
		_Lcd_Port
 This function is called by:
		_main
 This function uses a non-reentrant model


 *************** function _Lcd_Cmd *****************
 Defined at:
		line 26 in file "./lcd.h"
 Parameters:    Size  Location     Type
  a               1    wreg     unsigned char 
 Auto vars:     Size  Location     Type
  a               1    2[COMRAM] unsigned char 
 Return value:  Size  Location     Type
                  1    wreg      void 
 Registers used:
		wreg, status,2, cstack
 Tracked objects:
		On entry : 
		On exit  : 
		Unchanged: 
 Data sizes:     COMRAM   BANK0   BANK1   BANK2   BANK3   BANK4   BANK5   BANK6   BANK7
      Params:         0       0       0       0       0       0       0       0       0
      Locals:         1       0       0       0       0       0       0       0       0
      Temps:          1       0       0       0       0       0       0       0       0
      Totals:         2       0       0       0       0       0       0       0       0
Total ram usage:        2 bytes
 Hardware stack levels used:    1
 Hardware stack levels required when called:    1
 This function calls:
		_Lcd_Port
 This function is called by:
		_Lcd_Clear
		_Lcd_Set_Cursor
		_Lcd_Init
		_Lcd_Shift_Right
		_Lcd_Shift_Left
 This function uses a non-reentrant model


 *************** function _Lcd_Port *****************
 Defined at:
		line 4 in file "./lcd.h"
 Parameters:    Size  Location     Type
  a               1    wreg     unsigned char 
 Auto vars:     Size  Location     Type
  a               1    0[COMRAM] unsigned char 
 Return value:  Size  Location     Type
                  1    wreg      void 
 Registers used:
		wreg
 Tracked objects:
		On entry : 
		On exit  : 
		Unchanged: 
 Data sizes:     COMRAM   BANK0   BANK1   BANK2   BANK3   BANK4   BANK5   BANK6   BANK7
      Params:         0       0       0       0       0       0       0       0       0
      Locals:         1       0       0       0       0       0       0       0       0
      Temps:          0       0       0       0       0       0       0       0       0
      Totals:         1       0       0       0       0       0       0       0       0
Total ram usage:        1 bytes
 Hardware stack levels used:    1
 This function calls:
		Nothing
 This function is called by:
		_Lcd_Cmd
		_Lcd_Init
		_Lcd_Write_Char
 This function uses a non-reentrant model


 *************** function _Keypad_Init *****************
 Defined at:
		line 77 in file "main.c"
 Parameters:    Size  Location     Type
		None
 Auto vars:     Size  Location     Type
		None
 Return value:  Size  Location     Type
                  1    wreg      void 
 Registers used:
		wreg, status,2
 Tracked objects:
		On entry : 
		On exit  : 
		Unchanged: 
 Data sizes:     COMRAM   BANK0   BANK1   BANK2   BANK3   BANK4   BANK5   BANK6   BANK7
      Params:         0       0       0       0       0       0       0       0       0
      Locals:         0       0       0       0       0       0       0       0       0
      Temps:          0       0       0       0       0       0       0       0       0
      Totals:         0       0       0       0       0       0       0       0       0
Total ram usage:        0 bytes
 Hardware stack levels used:    1
 This function calls:
		Nothing
 This function is called by:
		_main
 This function uses a non-reentrant model



MODULE INFORMATION

Module		Function		Class		Link	Load	Size
C:\Program Files\Microchip\xc8\v2.31\pic\sources\c99\common\isdigit.c
		_isdigit       		CODE           	4540	0000	56

C:\Program Files\Microchip\xc8\v2.31\pic\sources\c99\common\isdigit.c estimated size: 56

C:\Program Files\Microchip\xc8\v2.31\pic\sources\c99\common\sprcadd.c
		___flsub       		CODE           	42DC	0000	70
		___fladd       		CODE           	2106	0000	1216

C:\Program Files\Microchip\xc8\v2.31\pic\sources\c99\common\sprcadd.c estimated size: 1286

C:\Program Files\Microchip\xc8\v2.31\pic\sources\c99\common\flneg.c
		___flneg       		CODE           	4508	0000	56

C:\Program Files\Microchip\xc8\v2.31\pic\sources\c99\common\flneg.c estimated size: 56

C:\Program Files\Microchip\xc8\v2.31\pic\sources\c99\common\putch.c
		_putch         		CODE           	4754	0000	2

C:\Program Files\Microchip\xc8\v2.31\pic\sources\c99\common\putch.c estimated size: 2

C:\Program Files\Microchip\xc8\v2.31\pic\sources\c99\common\nf_fputs.c
		_fputs         		CODE           	4368	0000	68

C:\Program Files\Microchip\xc8\v2.31\pic\sources\c99\common\nf_fputs.c estimated size: 68

C:\Program Files\Microchip\xc8\v2.31\pic\sources\c99\common\xxtofl.c
		___xxtofl      		CODE           	346E	0000	436

C:\Program Files\Microchip\xc8\v2.31\pic\sources\c99\common\xxtofl.c estimated size: 436

C:\Program Files\Microchip\xc8\v2.31\pic\sources\c99\common\atoi.c
		_atoi          		CODE           	3276	0000	504

C:\Program Files\Microchip\xc8\v2.31\pic\sources\c99\common\atoi.c estimated size: 504

./I2C_Master_File.h
		_I2C_Write     		CODE           	4696	0000	34
		_I2C_Stop      		CODE           	471A	0000	20
		_I2C_Read      		CODE           	4426	0000	58
		_I2C_Ready     		CODE           	472E	0000	18
		_I2C_Init      		CODE           	46D8	0000	26
		_I2C_Repeated_Start		CODE           	4614	0000	46
		_I2C_Ack       		CODE           	4706	0000	20
		_I2C_Nack      		CODE           	46F2	0000	20
		_I2C_Start     		CODE           	45E6	0000	46

./I2C_Master_File.h estimated size: 288

C:\Program Files\Microchip\xc8\v2.31\pic\sources\c99\common\fleq.c
		___fleq        		CODE           	3DBA	0000	170

C:\Program Files\Microchip\xc8\v2.31\pic\sources\c99\common\fleq.c estimated size: 170

./lcd.h
		_Lcd_Write_String		CODE           	3E64	0000	126
		_Lcd_Init      		CODE           	3EE2	0000	112
		_Lcd_Write_Char		CODE           	4578	0000	56
		_Lcd_Cmd       		CODE           	46B8	0000	32
		_Lcd_Set_Cursor		CODE           	3F52	0000	102
		_Lcd_Clear     		CODE           	4740	0000	14
		_Lcd_Port      		CODE           	4134	0000	92

./lcd.h estimated size: 534

C:\Program Files\Microchip\xc8\v2.31\pic\sources\c99\common\strlen.c
		_strlen        		CODE           	45B0	0000	54

C:\Program Files\Microchip\xc8\v2.31\pic\sources\c99\common\strlen.c estimated size: 54

C:\Program Files\Microchip\xc8\v2.31\pic\sources\c99\common\floorf.c
		_floorf        		CODE           	3064	0000	530

C:\Program Files\Microchip\xc8\v2.31\pic\sources\c99\common\floorf.c estimated size: 530

C:\Program Files\Microchip\xc8\v2.31\pic\sources\c99\common\strcpy.c
		_strcpy        		CODE           	40D8	0000	92

C:\Program Files\Microchip\xc8\v2.31\pic\sources\c99\common\strcpy.c estimated size: 92

C:\Program Files\Microchip\xc8\v2.31\pic\sources\c99\common\awmod.c
		___awmod       		CODE           	3D0A	0000	176

C:\Program Files\Microchip\xc8\v2.31\pic\sources\c99\common\awmod.c estimated size: 176

C:\Program Files\Microchip\xc8\v2.31\pic\sources\c99\common\isupper.c
		_isupper       		CODE           	44D0	0000	56

C:\Program Files\Microchip\xc8\v2.31\pic\sources\c99\common\isupper.c estimated size: 56

C:\Program Files\Microchip\xc8\v2.31\pic\sources\c99\common\nf_fputc.c
		_fputc         		CODE           	3A00	0000	202

C:\Program Files\Microchip\xc8\v2.31\pic\sources\c99\common\nf_fputc.c estimated size: 202

shared
		Keypad_Key_Press@F3795		SMALLCONST     	0801	0000	17
		__initialization		CODE           	4190	0000	76

shared estimated size: 93

C:\Program Files\Microchip\xc8\v2.31\pic\sources\c99\common\islower.c
		_islower       		CODE           	4498	0000	56

C:\Program Files\Microchip\xc8\v2.31\pic\sources\c99\common\islower.c estimated size: 56

C:\Program Files\Microchip\xc8\v2.31\pic\sources\c99\common\tolower.c
		_tolower       		CODE           	401A	0000	96

C:\Program Files\Microchip\xc8\v2.31\pic\sources\c99\common\tolower.c estimated size: 96

C:\Program Files\Microchip\xc8\v2.31\pic\sources\c99\common\sprcmul.c
		___flmul       		CODE           	25C6	0000	1066

C:\Program Files\Microchip\xc8\v2.31\pic\sources\c99\common\sprcmul.c estimated size: 1066

C:\Program Files\Microchip\xc8\v2.31\pic\sources\c99\common\awdiv.c
		___awdiv       		CODE           	3B90	0000	196

C:\Program Files\Microchip\xc8\v2.31\pic\sources\c99\common\awdiv.c estimated size: 196

C:\Program Files\Microchip\xc8\v2.31\pic\sources\c99\common\doprnt.c
		_vfpfcnvrt     		CODE           	1BB4	0000	1362
		_efgtoa        		CODE           	088A	0000	3160
		_pad           		CODE           	3ACA	0000	198
		_vfprintf      		CODE           	3FB8	0000	98
		_xtoa          		CODE           	2D8A	0000	730

C:\Program Files\Microchip\xc8\v2.31\pic\sources\c99\common\doprnt.c estimated size: 5548

C:\Program Files\Microchip\xc8\v2.31\pic\sources\c99\common\sprcdiv.c
		___fldiv       		CODE           	29F0	0000	922

C:\Program Files\Microchip\xc8\v2.31\pic\sources\c99\common\sprcdiv.c estimated size: 922

C:\Program Files\Microchip\xc8\v2.31\pic\sources\c99\common\fltol.c
		___fltol       		CODE           	3622	0000	262

C:\Program Files\Microchip\xc8\v2.31\pic\sources\c99\common\fltol.c estimated size: 262

C:\Program Files\Microchip\xc8\v2.31\pic\sources\c99\common\nf_sprintf.c
		_sprintf       		CODE           	41E6	0000	82

C:\Program Files\Microchip\xc8\v2.31\pic\sources\c99\common\nf_sprintf.c estimated size: 82

C:\Program Files\Microchip\xc8\v2.31\pic\sources\c99\common\__fpclassifyf.c
		___fpclassifyf 		CODE           	382C	0000	254

C:\Program Files\Microchip\xc8\v2.31\pic\sources\c99\common\__fpclassifyf.c estimated size: 254

C:\Program Files\Microchip\xc8\v2.31\pic\sources\c99\common\toupper.c
		_toupper       		CODE           	407A	0000	94

C:\Program Files\Microchip\xc8\v2.31\pic\sources\c99\common\toupper.c estimated size: 94

C:\Program Files\Microchip\xc8\v2.31\pic\sources\c99\common\flge.c
		___flge        		CODE           	3728	0000	260

C:\Program Files\Microchip\xc8\v2.31\pic\sources\c99\common\flge.c estimated size: 260

C:\Program Files\Microchip\xc8\v2.31\pic\sources\c99\common\isalpha.c
		_isalpha       		CODE           	43EA	0000	60

C:\Program Files\Microchip\xc8\v2.31\pic\sources\c99\common\isalpha.c estimated size: 60

C:\Program Files\Microchip\xc8\v2.31\pic\sources\c99\common\isspace.c
		_isspace       		CODE           	4238	0000	82

C:\Program Files\Microchip\xc8\v2.31\pic\sources\c99\common\isspace.c estimated size: 82

C:\Program Files\Microchip\xc8\v2.31\pic\sources\c99\common\Umul16.c
		___wmul        		CODE           	4670	0000	38

C:\Program Files\Microchip\xc8\v2.31\pic\sources\c99\common\Umul16.c estimated size: 38

main.c
		_getCad        		CODE           	428A	0000	82
		_main          		CODE           	43AC	0000	62
		_Keypad_Init   		CODE           	474E	0000	6
		_securityHouse 		CODE           	4460	0000	56
		_activar_seguridad		CODE           	14E2	0000	1746
		_Keypad_Key_Press		CODE           	3C54	0000	182
		_RTC_Read_Clock		CODE           	4322	0000	70

main.c estimated size: 2204

C:\Program Files\Microchip\xc8\v2.31\pic\sources\c99\common\strncmp.c
		_strncmp       		CODE           	392A	0000	214

C:\Program Files\Microchip\xc8\v2.31\pic\sources\c99\common\strncmp.c estimated size: 214

