Microchip MPLAB XC8 Compiler V2.31

Linker command line:

-W-3 --edf=C:\Program Files\Microchip\xc8\v2.31\pic\dat\en_msgs.txt -cn \
  -h+dist/default/production\ARQB-ProyectoFinal.production.sym \
  --cmf=dist/default/production\ARQB-ProyectoFinal.production.cmf -z \
  -Q18F4550 -oC:\Users\User\AppData\Local\Temp\sasc.2 \
  --defsym=__MPLAB_BUILD=1 \
  -Mdist/default/production/ARQB-ProyectoFinal.production.map -E1 \
  -ver=XC8 Compiler --acfsm=1493 -ASTACK=0127h-07FFh -pstack=STACK \
  -ACODE=00h-07FFFh -ACONST=00h-07FFFh -ASMALLCONST=0800h-08FFhx120 \
  -AMEDIUMCONST=0800h-07FFFh -ACOMRAM=01h-05Fh -AABS1=00h-07FFh \
  -ABIGRAM=01h-07FFh -ARAM=060h-0FFh,0100h-01FFhx7 -ABANK0=060h-0FFh \
  -ABANK1=0100h-01FFh -ABANK2=0200h-02FFh -ABANK3=0300h-03FFh \
  -ABANK4=0400h-04FFh -ABANK5=0500h-05FFh -ABANK6=0600h-06FFh \
  -ABANK7=0700h-07FFh -ASFR=0F60h-0FFFh -ACONFIG=0300000h-030000Dh \
  -AIDLOC=0200000h-0200007h -AEEDATA=0F00000h-0F000FFh -peeprom_data=EEDATA \
  -preset_vec=00h,intcode,intcodelo,powerup,init -pramtop=0800h \
  -psmallconst=SMALLCONST -pmediumconst=MEDIUMCONST -pconst=CONST \
  -AFARRAM=00h-00h \
  -prdata=COMRAM,nvrram=COMRAM,nvbit=COMRAM,rbss=COMRAM,rbit=COMRAM \
  -pfarbss=FARRAM,fardata=FARRAM,nvFARRAM=FARRAM \
  -pintsave_regs=BIGRAM,bigbss=BIGRAM,bigdata=BIGRAM -pbss=RAM \
  -pidata=CODE,irdata=CODE,ibigdata=CODE,ifardata=CODE -prparam=COMRAM \
  C:\Users\User\AppData\Local\Temp\sasc.o \
  dist/default/production\ARQB-ProyectoFinal.production.o 

Object code version is 3.11

Machine type is 18F4550



                Name                               Link     Load   Length Selector   Space Scale
C:\Users\User\AppData\Local\Temp\sasc.o
                idloc                            200000   200000        8        0       5
                config                           300000   300000        E        0       4
                init                                  0        0        4        0       0
dist/default/production\ARQB-ProyectoFinal.production.o
                idloc                            200000   200000        8        0       5
                config                           300000   300000        E        0       4
                smallconst                          800      800       78      400       0
                text48                             2F5A     2F5A        6     17AD       0
                text47                             298A     298A       5C      43C       0
                text46                             2EBC     2EBC       20     173A       0
                text45                             27F4     27F4       70      43C       0
                text44                             2EDC     2EDC       1A     173A       0
                text43                             2F1E     2F1E       14     173A       0
                text42                             26C0     26C0       B6      43C       0
                text41                             2F44     2F44        E     173A       0
                text40                             2864     2864       66      43C       0
                text39                             2D82     2D82       38      43C       0
                text38                             2776     2776       7E      43C       0
                text37                             2F0A     2F0A       14     173A       0
                text36                             2EF6     2EF6       14     173A       0
                text35                             2F32     2F32       12     173A       0
                text34                             2C68     2C68       3A      43C       0
                text33                             2E9A     2E9A       22     173A       0
                text32                             2E1E     2E1E       2E      43C       0
                text31                             2DF0     2DF0       2E      43C       0
                text30                             2AE0     2AE0       46      43C       0
                text29                             2354     2354      104      43C       0
                text28                              F36      F36      42A      43C       0
                text27                             224E     224E      106      43C       0
                text26                             1C24     1C24      1B4      43C       0
                text25                             2E74     2E74       26     173A       0
                text24                             2D4A     2D4A       38      43C       0
                text23                             2A8E     2A8E       52      43C       0
                text22                             1DD8     1DD8      18A      43C       0
                text21                             2B6A     2B6A       44      43C       0
                text20                             2F60     2F60        2     17AD       0
                text19                             2530     2530       CA      43C       0
                text18                             2458     2458       D8      43C       0
                text17                             1F62     1F62      188      43C       0
                text16                             20EA     20EA      164      43C       0
                text15                             2BAE     2BAE       40      43C       0
                text14                             2B26     2B26       44      43C       0
                text13                             2DBA     2DBA       36      43C       0
                text12                             25FA     25FA       C6      43C       0
                text11                             166A     166A      2E2      43C       0
                text10                             2C2C     2C2C       3C      43C       0
                text9                              2D12     2D12       38      43C       0
                text8                              2CDA     2CDA       38      43C       0
                text7                              292C     292C       5E      43C       0
                text6                              194C     194C      2D8      43C       0
                text5                              1360     1360      30A      43C       0
                text4                              28CA     28CA       62      43C       0
                text3                              2A3C     2A3C       52      43C       0
                text2                               878      878      6BE      43C       0
                text1                              2CA2     2CA2       38      43C       0
                text0                              2BEE     2BEE       3E      43C       0
                cstackCOMRAM                          1        1       5F        1       1
                cstackBANK0                          60       60       5A       60       1
                dataBANK1                           100      100       27      100       1
                dataBANK0                            F0       F0        7       60       1
                bssBANK0                             BA       BA       36       60       1
                cinit                              29E6     29E6       56      43C       0
                idataBANK1                         2E4C     2E4C       27      43C       0
                idataBANK0                         2F52     2F52        7     173A       0

TOTAL           Name                               Link     Load   Length     Space
        CLASS   STACK          

        CLASS   CODE           
                init                                  0        0        4         0
                text48                             2F5A     2F5A        6         0
                text47                             298A     298A       5C         0
                text46                             2EBC     2EBC       20         0
                text45                             27F4     27F4       70         0
                text44                             2EDC     2EDC       1A         0
                text43                             2F1E     2F1E       14         0
                text42                             26C0     26C0       B6         0
                text41                             2F44     2F44        E         0
                text40                             2864     2864       66         0
                text39                             2D82     2D82       38         0
                text38                             2776     2776       7E         0
                text37                             2F0A     2F0A       14         0
                text36                             2EF6     2EF6       14         0
                text35                             2F32     2F32       12         0
                text34                             2C68     2C68       3A         0
                text33                             2E9A     2E9A       22         0
                text32                             2E1E     2E1E       2E         0
                text31                             2DF0     2DF0       2E         0
                text30                             2AE0     2AE0       46         0
                text29                             2354     2354      104         0
                text28                              F36      F36      42A         0
                text27                             224E     224E      106         0
                text26                             1C24     1C24      1B4         0
                text25                             2E74     2E74       26         0
                text24                             2D4A     2D4A       38         0
                text23                             2A8E     2A8E       52         0
                text22                             1DD8     1DD8      18A         0
                text21                             2B6A     2B6A       44         0
                text20                             2F60     2F60        2         0
                text19                             2530     2530       CA         0
                text18                             2458     2458       D8         0
                text17                             1F62     1F62      188         0
                text16                             20EA     20EA      164         0
                text15                             2BAE     2BAE       40         0
                text14                             2B26     2B26       44         0
                text13                             2DBA     2DBA       36         0
                text12                             25FA     25FA       C6         0
                text11                             166A     166A      2E2         0
                text10                             2C2C     2C2C       3C         0
                text9                              2D12     2D12       38         0
                text8                              2CDA     2CDA       38         0
                text7                              292C     292C       5E         0
                text6                              194C     194C      2D8         0
                text5                              1360     1360      30A         0
                text4                              28CA     28CA       62         0
                text3                              2A3C     2A3C       52         0
                text2                               878      878      6BE         0
                text1                              2CA2     2CA2       38         0
                text0                              2BEE     2BEE       3E         0
                cinit                              29E6     29E6       56         0
                idataBANK1                         2E4C     2E4C       27         0
                idataBANK0                         2F52     2F52        7         0

        CLASS   CONST          

        CLASS   SMALLCONST     
                smallconst                          800      800       78         0

        CLASS   MEDIUMCONST    

        CLASS   COMRAM         
                cstackCOMRAM                          1        1       5F         1

        CLASS   ABS1           

        CLASS   BIGRAM         

        CLASS   RAM            

        CLASS   BANK0          
                cstackBANK0                          60       60       5A         1
                dataBANK0                            F0       F0        7         1
                bssBANK0                             BA       BA       36         1

        CLASS   BANK1          
                dataBANK1                           100      100       27         1

        CLASS   BANK2          

        CLASS   BANK3          

        CLASS   BANK4          

        CLASS   BANK5          

        CLASS   BANK6          

        CLASS   BANK7          

        CLASS   SFR            

        CLASS   CONFIG         
                config                           300000   300000        E         4

        CLASS   IDLOC          
                idloc                            200000   200000        8         5

        CLASS   EEDATA         

        CLASS   FARRAM         



SEGMENTS        Name                           Load    Length   Top    Selector   Space  Class

                reset_vec                      000000  000004  000004         0       0  CODE    
                cstackCOMRAM                   000001  00005F  000060         1       1  COMRAM  
                cstackBANK0                    000060  000097  0000F7        60       1  BANK0   
                dataBANK1                      000100  000027  000127       100       1  BANK1   
                smallconst                     000800  000078  000878       400       0  SMALLCON
                text2                          000878  0025FB  002E73       43C       0  CODE    
                text25                         002E74  0000E5  002F59      173A       0  CODE    
                text48                         002F5A  000008  002F62      17AD       0  CODE    


UNUSED ADDRESS RANGES

        Name                Unused          Largest block    Delta
        BANK0            0000F7-0000FF                9
        BANK1            000127-0001FF               D9
        BANK2            000200-0002FF              100
        BANK3            000300-0003FF              100
        BANK4            000400-0004FF              100
        BANK5            000500-0005FF              100
        BANK6            000600-0006FF              100
        BANK7            000700-0007FF              100
        BIGRAM           0000F7-0000FF                9
                         000127-0007FF              6D9
        CODE             000004-0007FF              7FC
                         002E73-002E73                1
                         002F59-002F59                1
                         002F62-007FFF             509E
        CONST            000004-0007FF              7FC
                         002E73-002E73                1
                         002F59-002F59                1
                         002F62-007FFF             509E
        EEDATA           F00000-F000FF              100
        MEDIUMCONST      002E73-002E73                1
                         002F59-002F59                1
                         002F62-007FFF             509E
        RAM              0000F7-0000FF                9
                         000127-0007FF              100
        SFR              000F60-000FFF               A0
        SMALLCONST       002E73-002E73                1
                         002F59-002F59                1
                         002F62-007FFF              100
        STACK            000127-0007FF              6D9

                                  Symbol Table

?___aodiv                             cstackCOMRAM 000001
?___aomod                             cstackCOMRAM 000001
?___flmul                             cstackCOMRAM 000014
?___fltol                             cstackCOMRAM 000001
?___wmul                              cstackCOMRAM 000001
?___xxtofl                            cstackCOMRAM 000006
?_abs                                 cstackCOMRAM 000013
?_atoi                                cstackCOMRAM 000008
?_ctoa                                cstackCOMRAM 00000A
?_dtoa                                cstackCOMRAM 00001C
?_getCad                              cstackCOMRAM 000001
?_isalpha                             cstackCOMRAM 000001
?_isdigit                             cstackCOMRAM 000001
?_islower                             cstackCOMRAM 000001
?_isspace                             cstackCOMRAM 000001
?_isupper                             cstackCOMRAM 000001
?_pad                                 cstackCOMRAM 000011
?_sprintf                             cstackBANK0  000066
?_strlen                              cstackCOMRAM 000001
?_toupper                             cstackCOMRAM 000007
?_vfpfcnvrt                           cstackCOMRAM 000043
?_vfprintf                            cstackBANK0  000060
?_xtoa                                cstackCOMRAM 00001C
I2C_Read@buffer                       cstackCOMRAM 000002
I2C_Read@flag                         cstackCOMRAM 000001
I2C_Repeated_Start@slave_read_address cstackCOMRAM 000002
I2C_Start@slave_write_address         cstackCOMRAM 000002
I2C_Write@data                        cstackCOMRAM 000001
Keypad_Key_Press@F3795                smallconst   000801
Keypad_Key_Press@fila                 cstackCOMRAM 000014
Keypad_Key_Press@keypad_deco          cstackCOMRAM 000001
Keypad_Key_Press@tec                  cstackCOMRAM 000012
Lcd_Cmd@a                             cstackCOMRAM 000003
Lcd_Port@a                            cstackCOMRAM 000001
Lcd_Set_Cursor@a                      cstackCOMRAM 000005
Lcd_Set_Cursor@b                      cstackCOMRAM 000004
Lcd_Set_Cursor@temp                   cstackCOMRAM 000008
Lcd_Set_Cursor@y                      cstackCOMRAM 000007
Lcd_Set_Cursor@z                      cstackCOMRAM 000006
Lcd_Write_Char@a                      cstackCOMRAM 000004
Lcd_Write_Char@temp                   cstackCOMRAM 000002
Lcd_Write_Char@y                      cstackCOMRAM 000003
Lcd_Write_String@a                    cstackCOMRAM 000005
Lcd_Write_String@i                    cstackCOMRAM 000009
RTC_Read_Clock@read_clock_address     cstackCOMRAM 000004
_ACKDT                                (abs)        007E2D
_ACKEN                                (abs)        007E2C
_ACKSTAT                              (abs)        007E2E
_ADCON0                               (abs)        000FC2
_ADCON1                               (abs)        000FC1
_ADCON2                               (abs)        000FC0
_ADON                                 (abs)        007E10
_ADRESH                               (abs)        000FC4
_BAUDCONbits                          (abs)        000FB8
_GO_DONE                              (abs)        007E11
_I2C_Ack                              text37       002F0A
_I2C_Init                             text44       002EDC
_I2C_Nack                             text36       002EF6
_I2C_Read                             text34       002C68
_I2C_Ready                            text35       002F32
_I2C_Repeated_Start                   text32       002E1E
_I2C_Start                            text31       002DF0
_I2C_Stop                             text43       002F1E
_I2C_Write                            text33       002E9A
_Keypad_Init                          text48       002F5A
_Keypad_Key_Press                     text42       0026C0
_LATD                                 (abs)        000F8C
_Lcd_Clear                            text41       002F44
_Lcd_Cmd                              text46       002EBC
_Lcd_Init                             text45       0027F4
_Lcd_Port                             text47       00298A
_Lcd_Set_Cursor                       text40       002864
_Lcd_Write_Char                       text39       002D82
_Lcd_Write_String                     text38       002776
_PEN                                  (abs)        007E2A
_PORTAbits                            (abs)        000F80
_PORTBbits                            (abs)        000F81
_PORTD                                (abs)        000F83
_PORTDbits                            (abs)        000F83
_RCEN                                 (abs)        007E2B
_RCSTAbits                            (abs)        000FAB
_RSEN                                 (abs)        007E29
_RTC_Read_Clock                       text30       002AE0
_SPBRG                                (abs)        000FAF
_SSPADD                               (abs)        000FC8
_SSPBUF                               (abs)        000FC9
_SSPCON1                              (abs)        000FC6
_SSPCON2                              (abs)        000FC5
_SSPCON2bits                          (abs)        000FC5
_SSPIE                                (abs)        007CEB
_SSPIF                                (abs)        007CF3
_SSPSTAT                              (abs)        000FC7
_SSPSTATbits                          (abs)        000FC7
_TRISA                                (abs)        000F92
_TRISB                                (abs)        000F93
_TRISB0                               (abs)        007C98
_TRISB1                               (abs)        007C99
_TRISCbits                            (abs)        000F94
_TRISD                                (abs)        000F95
_TXREG                                (abs)        000FAD
_TXSTAbits                            (abs)        000FAC
__HRAM                                (abs)        000000
__Habs1                               abs1         000000
__Hbank0                              bank0        000000
__Hbank1                              bank1        000000
__Hbank2                              bank2        000000
__Hbank3                              bank3        000000
__Hbank4                              bank4        000000
__Hbank5                              bank5        000000
__Hbank6                              bank6        000000
__Hbank7                              bank7        000000
__Hbigbss                             bigbss       000000
__Hbigdata                            bigdata      000000
__Hbigram                             bigram       000000
__Hbss                                bss          000000
__HbssBANK0                           bssBANK0     000000
__Hcinit                              cinit        000000
__Hclrtext                            clrtext      000000
__Hcomram                             comram       000000
__Hconfig                             config       30000E
__Hconst                              const        000000
__HcstackBANK0                        cstackBANK0  000000
__HcstackCOMRAM                       cstackCOMRAM 000000
__Hdata                               data         000000
__HdataBANK0                          dataBANK0    000000
__HdataBANK1                          dataBANK1    000000
__Heeprom_data                        eeprom_data  000000
__Hfarbss                             farbss       000000
__Hfardata                            fardata      000000
__Hibigdata                           ibigdata     000000
__Hidata                              idata        000000
__HidataBANK0                         idataBANK0   000000
__HidataBANK1                         idataBANK1   000000
__Hidloc                              idloc        200008
__Hifardata                           ifardata     000000
__Hinit                               init         000004
__Hintcode                            intcode      000000
__Hintcode_body                       intcode_body 000000
__Hintcodelo                          intcodelo    000000
__Hintentry                           intentry     000000
__Hintret                             intret       000000
__Hintsave_regs                       intsave_regs 000000
__Hirdata                             irdata       000000
__Hmediumconst                        mediumconst  000000
__HnvFARRAM                           nvFARRAM     000000
__Hnvbit                              nvbit        000000
__Hnvrram                             nvrram       000000
__Hparam                              rparam       000000
__Hpowerup                            powerup      000000
__Hram                                ram          000000
__Hramtop                             ramtop       000800
__Hrbit                               rbit         000000
__Hrbss                               rbss         000000
__Hrdata                              rdata        000000
__Hreset_vec                          reset_vec    000000
__Hrparam                             rparam       000000
__Hsfr                                sfr          000000
__Hsmallconst                         smallconst   000878
__Hspace_0                            (abs)        002F62
__Hspace_1                            (abs)        000127
__Hspace_2                            (abs)        000000
__Hspace_4                            (abs)        60000E
__Hstack                              stack        000000
__Hstruct                             struct       000000
__Htemp                               temp         000000
__Htext                               text         000000
__Htext0                              text0        000000
__Htext1                              text1        000000
__Htext10                             text10       000000
__Htext11                             text11       000000
__Htext12                             text12       000000
__Htext13                             text13       000000
__Htext14                             text14       000000
__Htext15                             text15       000000
__Htext16                             text16       000000
__Htext17                             text17       000000
__Htext18                             text18       000000
__Htext19                             text19       000000
__Htext2                              text2        000000
__Htext20                             text20       000000
__Htext21                             text21       000000
__Htext22                             text22       000000
__Htext23                             text23       000000
__Htext24                             text24       000000
__Htext25                             text25       000000
__Htext26                             text26       000000
__Htext27                             text27       000000
__Htext28                             text28       000000
__Htext29                             text29       000000
__Htext3                              text3        000000
__Htext30                             text30       000000
__Htext31                             text31       000000
__Htext32                             text32       000000
__Htext33                             text33       000000
__Htext34                             text34       000000
__Htext35                             text35       000000
__Htext36                             text36       000000
__Htext37                             text37       000000
__Htext38                             text38       000000
__Htext39                             text39       000000
__Htext4                              text4        000000
__Htext40                             text40       000000
__Htext41                             text41       000000
__Htext42                             text42       000000
__Htext43                             text43       000000
__Htext44                             text44       000000
__Htext45                             text45       000000
__Htext46                             text46       000000
__Htext47                             text47       000000
__Htext48                             text48       000000
__Htext5                              text5        000000
__Htext6                              text6        000000
__Htext7                              text7        000000
__Htext8                              text8        000000
__Htext9                              text9        000000
__LRAM                                (abs)        000001
__Labs1                               abs1         000000
__Lbank0                              bank0        000000
__Lbank1                              bank1        000000
__Lbank2                              bank2        000000
__Lbank3                              bank3        000000
__Lbank4                              bank4        000000
__Lbank5                              bank5        000000
__Lbank6                              bank6        000000
__Lbank7                              bank7        000000
__Lbigbss                             bigbss       000000
__Lbigdata                            bigdata      000000
__Lbigram                             bigram       000000
__Lbss                                bss          000000
__LbssBANK0                           bssBANK0     000000
__Lcinit                              cinit        000000
__Lclrtext                            clrtext      000000
__Lcomram                             comram       000000
__Lconfig                             config       000000
__Lconst                              const        000000
__LcstackBANK0                        cstackBANK0  000000
__LcstackCOMRAM                       cstackCOMRAM 000000
__Ldata                               data         000000
__LdataBANK0                          dataBANK0    000000
__LdataBANK1                          dataBANK1    000000
__Leeprom_data                        eeprom_data  000000
__Lfarbss                             farbss       000000
__Lfardata                            fardata      000000
__Libigdata                           ibigdata     000000
__Lidata                              idata        000000
__LidataBANK0                         idataBANK0   000000
__LidataBANK1                         idataBANK1   000000
__Lidloc                              idloc        000000
__Lifardata                           ifardata     000000
__Linit                               init         000000
__Lintcode                            intcode      000000
__Lintcode_body                       intcode_body 000000
__Lintcodelo                          intcodelo    000000
__Lintentry                           intentry     000000
__Lintret                             intret       000000
__Lintsave_regs                       intsave_regs 000000
__Lirdata                             irdata       000000
__Lmediumconst                        mediumconst  000000
__LnvFARRAM                           nvFARRAM     000000
__Lnvbit                              nvbit        000000
__Lnvrram                             nvrram       000000
__Lparam                              rparam       000000
__Lpowerup                            powerup      000000
__Lram                                ram          000000
__Lramtop                             ramtop       000800
__Lrbit                               rbit         000000
__Lrbss                               rbss         000000
__Lrdata                              rdata        000000
__Lreset_vec                          reset_vec    000000
__Lrparam                             rparam       000000
__Lsfr                                sfr          000000
__Lsmallconst                         smallconst   000800
__Lspace_0                            (abs)        000000
__Lspace_1                            (abs)        000000
__Lspace_2                            (abs)        000000
__Lspace_4                            (abs)        000000
__Lstack                              stack        000000
__Lstruct                             struct       000000
__Ltemp                               temp         000000
__Ltext                               text         000000
__Ltext0                              text0        000000
__Ltext1                              text1        000000
__Ltext10                             text10       000000
__Ltext11                             text11       000000
__Ltext12                             text12       000000
__Ltext13                             text13       000000
__Ltext14                             text14       000000
__Ltext15                             text15       000000
__Ltext16                             text16       000000
__Ltext17                             text17       000000
__Ltext18                             text18       000000
__Ltext19                             text19       000000
__Ltext2                              text2        000000
__Ltext20                             text20       000000
__Ltext21                             text21       000000
__Ltext22                             text22       000000
__Ltext23                             text23       000000
__Ltext24                             text24       000000
__Ltext25                             text25       000000
__Ltext26                             text26       000000
__Ltext27                             text27       000000
__Ltext28                             text28       000000
__Ltext29                             text29       000000
__Ltext3                              text3        000000
__Ltext30                             text30       000000
__Ltext31                             text31       000000
__Ltext32                             text32       000000
__Ltext33                             text33       000000
__Ltext34                             text34       000000
__Ltext35                             text35       000000
__Ltext36                             text36       000000
__Ltext37                             text37       000000
__Ltext38                             text38       000000
__Ltext39                             text39       000000
__Ltext4                              text4        000000
__Ltext40                             text40       000000
__Ltext41                             text41       000000
__Ltext42                             text42       000000
__Ltext43                             text43       000000
__Ltext44                             text44       000000
__Ltext45                             text45       000000
__Ltext46                             text46       000000
__Ltext47                             text47       000000
__Ltext48                             text48       000000
__Ltext5                              text5        000000
__Ltext6                              text6        000000
__Ltext7                              text7        000000
__Ltext8                              text8        000000
__Ltext9                              text9        000000
__S0                                  (abs)        002F62
__S1                                  (abs)        000127
__S2                                  (abs)        000000
__S4                                  (abs)        000000
__S5                                  (abs)        000000
___aodiv                              text17       001F62
___aodiv@counter                      cstackCOMRAM 000011
___aodiv@dividend                     cstackCOMRAM 000001
___aodiv@divisor                      cstackCOMRAM 000009
___aodiv@quotient                     cstackCOMRAM 000013
___aodiv@sign                         cstackCOMRAM 000012
___aomod                              text16       0020EA
___aomod@counter                      cstackCOMRAM 000011
___aomod@dividend                     cstackCOMRAM 000001
___aomod@divisor                      cstackCOMRAM 000009
___aomod@sign                         cstackCOMRAM 000012
___flge                               text29       002354
___flge@ff1                           cstackCOMRAM 000001
___flge@ff2                           cstackCOMRAM 000005
___flmul                              text28       000F36
___flmul@a                            cstackCOMRAM 000018
___flmul@aexp                         cstackCOMRAM 000025
___flmul@b                            cstackCOMRAM 000014
___flmul@bexp                         cstackCOMRAM 000026
___flmul@grs                          cstackCOMRAM 000021
___flmul@prod                         cstackCOMRAM 000027
___flmul@sign                         cstackCOMRAM 000020
___flmul@temp                         cstackCOMRAM 00002B
___fltol                              text27       00224E
___fltol@exp1                         cstackCOMRAM 00000A
___fltol@f1                           cstackCOMRAM 000001
___fltol@sign1                        cstackCOMRAM 000009
___inthi_sp                           stack        000000
___intlo_sp                           stack        000000
___param_bank                         (abs)        000000
___rparam_used                        (abs)        000001
___sp                                 stack        000000
___wmul                               text25       002E74
___wmul@multiplicand                  cstackCOMRAM 000003
___wmul@multiplier                    cstackCOMRAM 000001
___wmul@product                       cstackCOMRAM 000005
___xxtofl                             text26       001C24
___xxtofl@arg                         cstackCOMRAM 000010
___xxtofl@exp                         cstackCOMRAM 00000F
___xxtofl@sign                        cstackCOMRAM 00000E
___xxtofl@val                         cstackCOMRAM 000006
__accesstop                           (abs)        000060
__activetblptr                        (abs)        000002
__end_ofKeypad_Key_Press@F3795        smallconst   000812
__end_of_I2C_Ack                      text37       002F1E
__end_of_I2C_Init                     text44       002EF6
__end_of_I2C_Nack                     text36       002F0A
__end_of_I2C_Read                     text34       002CA2
__end_of_I2C_Ready                    text35       002F44
__end_of_I2C_Repeated_Start           text32       002E4C
__end_of_I2C_Start                    text31       002E1E
__end_of_I2C_Stop                     text43       002F32
__end_of_I2C_Write                    text33       002EBC
__end_of_Keypad_Init                  text48       002F60
__end_of_Keypad_Key_Press             text42       002776
__end_of_Lcd_Clear                    text41       002F52
__end_of_Lcd_Cmd                      text46       002EDC
__end_of_Lcd_Init                     text45       002864
__end_of_Lcd_Port                     text47       0029E6
__end_of_Lcd_Set_Cursor               text40       0028CA
__end_of_Lcd_Write_Char               text39       002DBA
__end_of_Lcd_Write_String             text38       0027F4
__end_of_RTC_Read_Clock               text30       002B26
__end_of___aodiv                      text17       0020EA
__end_of___aomod                      text16       00224E
__end_of___flge                       text29       002458
__end_of___flmul                      text28       001360
__end_of___fltol                      text27       002354
__end_of___wmul                       text25       002E9A
__end_of___xxtofl                     text26       001DD8
__end_of__initialization              cinit        002A32
__end_of_abs                          text15       002BEE
__end_of_activar_seguridad            text2        000F36
__end_of_atoi                         text22       001F62
__end_of_ctoa                         text18       002530
__end_of_dtoa                         text11       00194C
__end_of_fputc                        text19       0025FA
__end_of_fputs                        text14       002B6A
__end_of_getCad                       text21       002BAE
__end_of_isalpha                      text10       002C68
__end_of_isdigit                      text24       002D82
__end_of_islower                      text8        002D12
__end_of_isspace                      text23       002AE0
__end_of_isupper                      text9        002D4A
__end_of_main                         text0        002C2C
__end_of_pad                          text12       0026C0
__end_of_putch                        text20       002F62
__end_of_securityHouse                text1        002CDA
__end_of_sprintf                      text3        002A8E
__end_of_strlen                       text13       002DF0
__end_of_toupper                      text7        00298A
__end_of_vfpfcnvrt                    text5        00166A
__end_of_vfprintf                     text4        00292C
__end_of_xtoa                         text6        001C24
__initialization                      cinit        0029E6
__mediumconst                         mediumconst  000000
__pbssBANK0                           bssBANK0     0000BA
__pcinit                              cinit        0029E6
__pcstackBANK0                        cstackBANK0  000060
__pcstackCOMRAM                       cstackCOMRAM 000001
__pdataBANK0                          dataBANK0    0000F0
__pdataBANK1                          dataBANK1    000100
__pidataBANK0                         idataBANK0   002F52
__pidataBANK1                         idataBANK1   002E4C
__psmallconst                         smallconst   000800
__ptext0                              text0        002BEE
__ptext1                              text1        002CA2
__ptext10                             text10       002C2C
__ptext11                             text11       00166A
__ptext12                             text12       0025FA
__ptext13                             text13       002DBA
__ptext14                             text14       002B26
__ptext15                             text15       002BAE
__ptext16                             text16       0020EA
__ptext17                             text17       001F62
__ptext18                             text18       002458
__ptext19                             text19       002530
__ptext2                              text2        000878
__ptext20                             text20       002F60
__ptext21                             text21       002B6A
__ptext22                             text22       001DD8
__ptext23                             text23       002A8E
__ptext24                             text24       002D4A
__ptext25                             text25       002E74
__ptext26                             text26       001C24
__ptext27                             text27       00224E
__ptext28                             text28       000F36
__ptext29                             text29       002354
__ptext3                              text3        002A3C
__ptext30                             text30       002AE0
__ptext31                             text31       002DF0
__ptext32                             text32       002E1E
__ptext33                             text33       002E9A
__ptext34                             text34       002C68
__ptext35                             text35       002F32
__ptext36                             text36       002EF6
__ptext37                             text37       002F0A
__ptext38                             text38       002776
__ptext39                             text39       002D82
__ptext4                              text4        0028CA
__ptext40                             text40       002864
__ptext41                             text41       002F44
__ptext42                             text42       0026C0
__ptext43                             text43       002F1E
__ptext44                             text44       002EDC
__ptext45                             text45       0027F4
__ptext46                             text46       002EBC
__ptext47                             text47       00298A
__ptext48                             text48       002F5A
__ptext5                              text5        001360
__ptext6                              text6        00194C
__ptext7                              text7        00292C
__ptext8                              text8        002CDA
__ptext9                              text9        002D12
__ramtop                              ramtop       000800
__size_of_I2C_Ack                     (abs)        000000
__size_of_I2C_Init                    (abs)        000000
__size_of_I2C_Nack                    (abs)        000000
__size_of_I2C_Read                    (abs)        000000
__size_of_I2C_Ready                   (abs)        000000
__size_of_I2C_Repeated_Start          (abs)        000000
__size_of_I2C_Start                   (abs)        000000
__size_of_I2C_Stop                    (abs)        000000
__size_of_I2C_Write                   (abs)        000000
__size_of_Keypad_Init                 (abs)        000000
__size_of_Keypad_Key_Press            (abs)        000000
__size_of_Lcd_Clear                   (abs)        000000
__size_of_Lcd_Cmd                     (abs)        000000
__size_of_Lcd_Init                    (abs)        000000
__size_of_Lcd_Port                    (abs)        000000
__size_of_Lcd_Set_Cursor              (abs)        000000
__size_of_Lcd_Write_Char              (abs)        000000
__size_of_Lcd_Write_String            (abs)        000000
__size_of_RTC_Read_Clock              (abs)        000000
__size_of___aodiv                     (abs)        000000
__size_of___aomod                     (abs)        000000
__size_of___flge                      (abs)        000000
__size_of___flmul                     (abs)        000000
__size_of___fltol                     (abs)        000000
__size_of___wmul                      (abs)        000000
__size_of___xxtofl                    (abs)        000000
__size_of_abs                         (abs)        000000
__size_of_activar_seguridad           (abs)        000000
__size_of_atoi                        (abs)        000000
__size_of_ctoa                        (abs)        000000
__size_of_dtoa                        (abs)        000000
__size_of_fputc                       (abs)        000000
__size_of_fputs                       (abs)        000000
__size_of_getCad                      (abs)        000000
__size_of_isalpha                     (abs)        000000
__size_of_isdigit                     (abs)        000000
__size_of_islower                     (abs)        000000
__size_of_isspace                     (abs)        000000
__size_of_isupper                     (abs)        000000
__size_of_main                        (abs)        000000
__size_of_pad                         (abs)        000000
__size_of_putch                       (abs)        000000
__size_of_securityHouse               (abs)        000000
__size_of_sprintf                     (abs)        000000
__size_of_strlen                      (abs)        000000
__size_of_toupper                     (abs)        000000
__size_of_vfpfcnvrt                   (abs)        000000
__size_of_vfprintf                    (abs)        000000
__size_of_xtoa                        (abs)        000000
__smallconst                          smallconst   000800
_abs                                  text15       002BAE
_activar_seguridad                    text2        000878
_activar_seguridad$1687               cstackBANK0  0000A2
_activar_seguridad$706                cstackBANK0  0000A6
_activar_seguridad$710                cstackBANK0  0000A8
_activar_seguridad$711                cstackBANK0  0000AA
_activar_seguridad$712                cstackBANK0  0000AC
_atoi                                 text22       001DD8
_atoi$1222                            cstackCOMRAM 000010
_atoi$1223                            cstackCOMRAM 000014
_atoi$1224                            cstackCOMRAM 000012
_aux_contrasenia                      bssBANK0     0000EC
_buffer_TX                            dataBANK1    000115
_buffer_TX2                           dataBANK1    000100
_contador                             bssBANK0     0000C2
_contrasenia                          dataBANK0    0000F0
_ctoa                                 text18       002458
_dbuf                                 bssBANK0     0000CC
_dtoa                                 text11       00166A
_dtoa$1337                            cstackCOMRAM 00002E
_estado_dia                           dataBANK0    0000F6
_estado_teclado                       bssBANK0     0000CA
_flags                                bssBANK0     0000C0
_fputc                                text19       002530
_fputs                                text14       002B26
_getCad                               text21       002B6A
_hour                                 bssBANK0     0000C4
_isalpha                              text10       002C2C
_isdigit                              text24       002D4A
_islower                              text8        002CDA
_isspace                              text23       002A8E
_isspace$1240                         cstackCOMRAM 000007
_isupper                              text9        002D12
_main                                 text0        002BEE
_min                                  bssBANK0     0000C6
_nout                                 bssBANK0     0000BA
_pad                                  text12       0025FA
_prec                                 bssBANK0     0000BE
_putch                                text20       002F60
_retardo                              dataBANK0    0000F4
_sec                                  bssBANK0     0000C8
_securityHouse                        text1        002CA2
_sprintf                              text3        002A3C
_strlen                               text13       002DBA
_tecla                                bssBANK0     0000CB
_toupper                              text7        00292C
_toupper$1434                         cstackCOMRAM 00000D
_vfpfcnvrt                            text5        001360
_vfprintf                             text4        0028CA
_width                                bssBANK0     0000BC
_xtoa                                 text6        00194C
_xtoa$1348                            cstackCOMRAM 00002F
_xtoa$1349                            cstackCOMRAM 000031
abs@a                                 cstackCOMRAM 000013
activar_seguridad@Temperatura         cstackBANK0  00007A
activar_seguridad@hours               cstackBANK0  000098
activar_seguridad@i                   cstackBANK0  0000B6
activar_seguridad@i_760               cstackBANK0  0000B2
activar_seguridad@i_761               cstackBANK0  0000B4
activar_seguridad@mins                cstackBANK0  00008E
activar_seguridad@secs                cstackBANK0  000084
activar_seguridad@temperatura         cstackBANK0  0000AE
atoi@n                                cstackCOMRAM 000015
atoi@neg                              cstackCOMRAM 00000E
atoi@s                                cstackCOMRAM 000008
ctoa@c                                cstackCOMRAM 00000C
ctoa@fp                               cstackCOMRAM 00000A
ctoa@l                                cstackCOMRAM 00000E
ctoa@w                                cstackCOMRAM 000010
dtoa@d                                cstackCOMRAM 00001E
dtoa@fp                               cstackCOMRAM 00001C
dtoa@i                                cstackCOMRAM 00003E
dtoa@n                                cstackCOMRAM 000036
dtoa@p                                cstackCOMRAM 000030
dtoa@s                                cstackCOMRAM 000034
dtoa@w                                cstackCOMRAM 000032
end_of_initialization                 cinit        002A32
fputc@c                               cstackCOMRAM 000001
fputc@fp                              cstackCOMRAM 000003
fputs@c                               cstackCOMRAM 00000E
fputs@fp                              cstackCOMRAM 00000C
fputs@i                               cstackCOMRAM 00000F
fputs@s                               cstackCOMRAM 00000A
getCad@canal                          cstackCOMRAM 000005
intlevel0                             text         000000
intlevel1                             text         000000
intlevel2                             text         000000
intlevel3                             text         000000
isalpha@c                             cstackCOMRAM 000001
isdigit@c                             cstackCOMRAM 000001
islower@c                             cstackCOMRAM 000001
isspace@c                             cstackCOMRAM 000001
isupper@c                             cstackCOMRAM 000001
pad@buf                               cstackCOMRAM 000013
pad@fp                                cstackCOMRAM 000011
pad@i                                 cstackCOMRAM 000018
pad@p                                 cstackCOMRAM 000015
pad@w                                 cstackCOMRAM 00001A
securityHouse@valor                   cstackBANK0  0000B8
sprintf@ap                            cstackBANK0  00006E
sprintf@f                             cstackBANK0  000070
sprintf@fmt                           cstackBANK0  000068
sprintf@s                             cstackBANK0  000066
stackhi                               (abs)        0007FF
stacklo                               (abs)        000127
start                                 init         000000
start_initialization                  cinit        0029E6
strlen@a                              cstackCOMRAM 000003
strlen@s                              cstackCOMRAM 000001
toupper@c                             cstackCOMRAM 000007
vfpfcnvrt@ap                          cstackCOMRAM 000047
vfpfcnvrt@c                           cstackCOMRAM 00005D
vfpfcnvrt@fmt                         cstackCOMRAM 000045
vfpfcnvrt@fp                          cstackCOMRAM 000043
vfpfcnvrt@ll                          cstackCOMRAM 00004D
vfpfcnvrt@llu                         cstackCOMRAM 000055
vfprintf@ap                           cstackBANK0  000064
vfprintf@cfmt                         cstackCOMRAM 00005E
vfprintf@fmt                          cstackBANK0  000062
vfprintf@fp                           cstackBANK0  000060
xtoa@c                                cstackCOMRAM 000041
xtoa@d                                cstackCOMRAM 00001E
xtoa@fp                               cstackCOMRAM 00001C
xtoa@i                                cstackCOMRAM 00003F
xtoa@n                                cstackCOMRAM 000037
xtoa@p                                cstackCOMRAM 000033
xtoa@w                                cstackCOMRAM 000035
xtoa@x                                cstackCOMRAM 000026


FUNCTION INFORMATION:

 *************** function _main *****************
 Defined at:
		line 275 in file "main.c"
 Parameters:    Size  Location     Type
		None
 Auto vars:     Size  Location     Type
		None
 Return value:  Size  Location     Type
                  1    wreg      void 
 Registers used:
		wreg, fsr1l, fsr1h, fsr2l, fsr2h, status,2, status,0, tblptrl, tblptrh, tblptru, prodl, prodh, cstack
 Tracked objects:
		On entry : 
		On exit  : 
		Unchanged: 
 Data sizes:     COMRAM   BANK0   BANK1   BANK2   BANK3   BANK4   BANK5   BANK6   BANK7
      Params:         0       0       0       0       0       0       0       0       0
      Locals:         0       0       0       0       0       0       0       0       0
      Temps:          0       0       0       0       0       0       0       0       0
      Totals:         0       0       0       0       0       0       0       0       0
Total ram usage:        0 bytes
 Hardware stack levels required when called:   10
 This function calls:
		_Keypad_Init
		_Lcd_Clear
		_Lcd_Init
		_Lcd_Set_Cursor
		_Lcd_Write_String
		_securityHouse
 This function is called by:
		Startup code after reset
 This function uses a non-reentrant model


 *************** function _securityHouse *****************
 Defined at:
		line 267 in file "main.c"
 Parameters:    Size  Location     Type
  valor           2   88[BANK0 ] int 
 Auto vars:     Size  Location     Type
		None
 Return value:  Size  Location     Type
                  1    wreg      void 
 Registers used:
		wreg, fsr1l, fsr1h, fsr2l, fsr2h, status,2, status,0, tblptrl, tblptrh, tblptru, prodl, prodh, cstack
 Tracked objects:
		On entry : 
		On exit  : 
		Unchanged: 
 Data sizes:     COMRAM   BANK0   BANK1   BANK2   BANK3   BANK4   BANK5   BANK6   BANK7
      Params:         0       2       0       0       0       0       0       0       0
      Locals:         0       0       0       0       0       0       0       0       0
      Temps:          0       0       0       0       0       0       0       0       0
      Totals:         0       2       0       0       0       0       0       0       0
Total ram usage:        2 bytes
 Hardware stack levels used:    1
 Hardware stack levels required when called:    9
 This function calls:
		_activar_seguridad
 This function is called by:
		_main
 This function uses a non-reentrant model


 *************** function _activar_seguridad *****************
 Defined at:
		line 101 in file "main.c"
 Parameters:    Size  Location     Type
		None
 Auto vars:     Size  Location     Type
  i               2   84[BANK0 ] int 
  i               2   82[BANK0 ] int 
  hours          10   56[BANK0 ] unsigned char [10]
  mins           10   46[BANK0 ] unsigned char [10]
  secs           10   36[BANK0 ] unsigned char [10]
  Temperatura    10   26[BANK0 ] unsigned char [10]
  temperatura     4   78[BANK0 ] float 
  i               2   86[BANK0 ] int 
 Return value:  Size  Location     Type
                  1    wreg      void 
 Registers used:
		wreg, fsr1l, fsr1h, fsr2l, fsr2h, status,2, status,0, tblptrl, tblptrh, tblptru, prodl, prodh, cstack
 Tracked objects:
		On entry : 
		On exit  : 
		Unchanged: 
 Data sizes:     COMRAM   BANK0   BANK1   BANK2   BANK3   BANK4   BANK5   BANK6   BANK7
      Params:         0       0       0       0       0       0       0       0       0
      Locals:         0      62       0       0       0       0       0       0       0
      Temps:          0       4       0       0       0       0       0       0       0
      Totals:         0      66       0       0       0       0       0       0       0
Total ram usage:       66 bytes
 Hardware stack levels used:    1
 Hardware stack levels required when called:    8
 This function calls:
		_I2C_Init
		_I2C_Stop
		_Keypad_Key_Press
		_Lcd_Clear
		_Lcd_Set_Cursor
		_Lcd_Write_Char
		_Lcd_Write_String
		_RTC_Read_Clock
		___flge
		___flmul
		___fltol
		___xxtofl
		_atoi
		_getCad
		_isdigit
		_sprintf
 This function is called by:
		_securityHouse
 This function uses a non-reentrant model


 *************** function _sprintf *****************
 Defined at:
		line 9 in file "C:\Program Files\Microchip\xc8\v2.31\pic\sources\c99\common\nf_sprintf.c"
 Parameters:    Size  Location     Type
  s               2    6[BANK0 ] PTR unsigned char 
		 -> activar_seguridad@Temperatura(10), activar_seguridad@hours(10), activar_seguridad@mins(10), activar_seguridad@secs(10), 
  fmt             2    8[BANK0 ] PTR const unsigned char 
		 -> STR_8(6), STR_7(9), STR_6(4), STR_5(4), 
 Auto vars:     Size  Location     Type
  f               6   16[BANK0 ] struct _IO_FILE
  ap              2   14[BANK0 ] PTR void [1]
		 -> ?_sprintf(2), 
  ret             2    0        int 
 Return value:  Size  Location     Type
                  2    6[BANK0 ] int 
 Registers used:
		wreg, fsr1l, fsr1h, fsr2l, fsr2h, status,2, status,0, tblptrl, tblptrh, tblptru, cstack
 Tracked objects:
		On entry : 
		On exit  : 
		Unchanged: 
 Data sizes:     COMRAM   BANK0   BANK1   BANK2   BANK3   BANK4   BANK5   BANK6   BANK7
      Params:         0       6       0       0       0       0       0       0       0
      Locals:         0      10       0       0       0       0       0       0       0
      Temps:          0       0       0       0       0       0       0       0       0
      Totals:         0      16       0       0       0       0       0       0       0
Total ram usage:       16 bytes
 Hardware stack levels used:    1
 Hardware stack levels required when called:    7
 This function calls:
		_vfprintf
 This function is called by:
		_activar_seguridad
 This function uses a non-reentrant model


 *************** function _vfprintf *****************
 Defined at:
		line 1390 in file "C:\Program Files\Microchip\xc8\v2.31\pic\sources\c99\common\doprnt.c"
 Parameters:    Size  Location     Type
  fp              2    0[BANK0 ] PTR struct _IO_FILE
		 -> sprintf@f(6), 
  fmt             2    2[BANK0 ] PTR const unsigned char 
		 -> STR_8(6), STR_7(9), STR_6(4), STR_5(4), 
  ap              2    4[BANK0 ] PTR PTR void 
		 -> sprintf@ap(2), 
 Auto vars:     Size  Location     Type
  cfmt            2   93[COMRAM] PTR unsigned char 
		 -> STR_8(6), STR_7(9), STR_6(4), STR_5(4), 
 Return value:  Size  Location     Type
                  2    0[BANK0 ] int 
 Registers used:
		wreg, fsr1l, fsr1h, fsr2l, fsr2h, status,2, status,0, tblptrl, tblptrh, tblptru, cstack
 Tracked objects:
		On entry : 
		On exit  : 
		Unchanged: 
 Data sizes:     COMRAM   BANK0   BANK1   BANK2   BANK3   BANK4   BANK5   BANK6   BANK7
      Params:         0       6       0       0       0       0       0       0       0
      Locals:         2       0       0       0       0       0       0       0       0
      Temps:          0       0       0       0       0       0       0       0       0
      Totals:         2       6       0       0       0       0       0       0       0
Total ram usage:        8 bytes
 Hardware stack levels used:    1
 Hardware stack levels required when called:    6
 This function calls:
		_vfpfcnvrt
 This function is called by:
		_sprintf
 This function uses a non-reentrant model


 *************** function _vfpfcnvrt *****************
 Defined at:
		line 692 in file "C:\Program Files\Microchip\xc8\v2.31\pic\sources\c99\common\doprnt.c"
 Parameters:    Size  Location     Type
  fp              2   66[COMRAM] PTR struct _IO_FILE
		 -> sprintf@f(6), 
  fmt             2   68[COMRAM] PTR PTR unsigned char 
		 -> vfprintf@cfmt(2), 
  ap              2   70[COMRAM] PTR PTR void 
		 -> sprintf@ap(2), 
 Auto vars:     Size  Location     Type
  llu             8   84[COMRAM] unsigned long long 
  ll              8   76[COMRAM] long long 
  f               4    0        long long 
  vp              3    0        PTR void 
  ct              3    0        unsigned char [3]
  cp              3    0        PTR unsigned char 
  i               2    0        int 
  done            2    0        int 
  c               1   92[COMRAM] unsigned char 
 Return value:  Size  Location     Type
                  2   66[COMRAM] int 
 Registers used:
		wreg, fsr1l, fsr1h, fsr2l, fsr2h, status,2, status,0, tblptrl, tblptrh, tblptru, cstack
 Tracked objects:
		On entry : 
		On exit  : 
		Unchanged: 
 Data sizes:     COMRAM   BANK0   BANK1   BANK2   BANK3   BANK4   BANK5   BANK6   BANK7
      Params:         6       0       0       0       0       0       0       0       0
      Locals:        17       0       0       0       0       0       0       0       0
      Temps:          4       0       0       0       0       0       0       0       0
      Totals:        27       0       0       0       0       0       0       0       0
Total ram usage:       27 bytes
 Hardware stack levels used:    1
 Hardware stack levels required when called:    5
 This function calls:
		_ctoa
		_dtoa
		_fputc
		_xtoa
 This function is called by:
		_vfprintf
 This function uses a non-reentrant model


 *************** function _xtoa *****************
 Defined at:
		line 645 in file "C:\Program Files\Microchip\xc8\v2.31\pic\sources\c99\common\doprnt.c"
 Parameters:    Size  Location     Type
  fp              2   27[COMRAM] PTR struct _IO_FILE
		 -> sprintf@f(6), 
  d               8   29[COMRAM] unsigned long long 
  x               1   37[COMRAM] unsigned char 
 Auto vars:     Size  Location     Type
  n               8   54[COMRAM] unsigned long long 
  c               2   64[COMRAM] int 
  i               2   62[COMRAM] int 
  w               2   52[COMRAM] int 
  p               2   50[COMRAM] int 
 Return value:  Size  Location     Type
                  2   27[COMRAM] int 
 Registers used:
		wreg, fsr1l, fsr1h, fsr2l, fsr2h, status,2, status,0, cstack
 Tracked objects:
		On entry : 
		On exit  : 
		Unchanged: 
 Data sizes:     COMRAM   BANK0   BANK1   BANK2   BANK3   BANK4   BANK5   BANK6   BANK7
      Params:        11       0       0       0       0       0       0       0       0
      Locals:        20       0       0       0       0       0       0       0       0
      Temps:          8       0       0       0       0       0       0       0       0
      Totals:        39       0       0       0       0       0       0       0       0
Total ram usage:       39 bytes
 Hardware stack levels used:    1
 Hardware stack levels required when called:    4
 This function calls:
		_isalpha
		_isupper
		_pad
		_toupper
 This function is called by:
		_vfpfcnvrt
 This function uses a non-reentrant model


 *************** function _toupper *****************
 Defined at:
		line 4 in file "C:\Program Files\Microchip\xc8\v2.31\pic\sources\c99\common\toupper.c"
 Parameters:    Size  Location     Type
  c               2    6[COMRAM] int 
 Auto vars:     Size  Location     Type
		None
 Return value:  Size  Location     Type
                  2    6[COMRAM] int 
 Registers used:
		wreg, status,2, status,0
 Tracked objects:
		On entry : 
		On exit  : 
		Unchanged: 
 Data sizes:     COMRAM   BANK0   BANK1   BANK2   BANK3   BANK4   BANK5   BANK6   BANK7
      Params:         2       0       0       0       0       0       0       0       0
      Locals:         2       0       0       0       0       0       0       0       0
      Temps:          4       0       0       0       0       0       0       0       0
      Totals:         8       0       0       0       0       0       0       0       0
Total ram usage:        8 bytes
 Hardware stack levels used:    1
 Hardware stack levels required when called:    1
 This function calls:
		_islower
 This function is called by:
		_xtoa
 This function uses a non-reentrant model


 *************** function _islower *****************
 Defined at:
		line 5 in file "C:\Program Files\Microchip\xc8\v2.31\pic\sources\c99\common\islower.c"
 Parameters:    Size  Location     Type
  c               2    0[COMRAM] int 
 Auto vars:     Size  Location     Type
		None
 Return value:  Size  Location     Type
                  2    0[COMRAM] int 
 Registers used:
		wreg, status,2, status,0
 Tracked objects:
		On entry : 
		On exit  : 
		Unchanged: 
 Data sizes:     COMRAM   BANK0   BANK1   BANK2   BANK3   BANK4   BANK5   BANK6   BANK7
      Params:         2       0       0       0       0       0       0       0       0
      Locals:         0       0       0       0       0       0       0       0       0
      Temps:          4       0       0       0       0       0       0       0       0
      Totals:         6       0       0       0       0       0       0       0       0
Total ram usage:        6 bytes
 Hardware stack levels used:    1
 This function calls:
		Nothing
 This function is called by:
		_toupper
 This function uses a non-reentrant model


 *************** function _isupper *****************
 Defined at:
		line 5 in file "C:\Program Files\Microchip\xc8\v2.31\pic\sources\c99\common\isupper.c"
 Parameters:    Size  Location     Type
  c               2    0[COMRAM] int 
 Auto vars:     Size  Location     Type
		None
 Return value:  Size  Location     Type
                  2    0[COMRAM] int 
 Registers used:
		wreg, status,2, status,0
 Tracked objects:
		On entry : 
		On exit  : 
		Unchanged: 
 Data sizes:     COMRAM   BANK0   BANK1   BANK2   BANK3   BANK4   BANK5   BANK6   BANK7
      Params:         2       0       0       0       0       0       0       0       0
      Locals:         0       0       0       0       0       0       0       0       0
      Temps:          4       0       0       0       0       0       0       0       0
      Totals:         6       0       0       0       0       0       0       0       0
Total ram usage:        6 bytes
 Hardware stack levels used:    1
 This function calls:
		Nothing
 This function is called by:
		_xtoa
 This function uses a non-reentrant model


 *************** function _isalpha *****************
 Defined at:
		line 5 in file "C:\Program Files\Microchip\xc8\v2.31\pic\sources\c99\common\isalpha.c"
 Parameters:    Size  Location     Type
  c               2    0[COMRAM] int 
 Auto vars:     Size  Location     Type
		None
 Return value:  Size  Location     Type
                  2    0[COMRAM] int 
 Registers used:
		wreg, status,2, status,0
 Tracked objects:
		On entry : 
		On exit  : 
		Unchanged: 
 Data sizes:     COMRAM   BANK0   BANK1   BANK2   BANK3   BANK4   BANK5   BANK6   BANK7
      Params:         2       0       0       0       0       0       0       0       0
      Locals:         0       0       0       0       0       0       0       0       0
      Temps:          4       0       0       0       0       0       0       0       0
      Totals:         6       0       0       0       0       0       0       0       0
Total ram usage:        6 bytes
 Hardware stack levels used:    1
 This function calls:
		Nothing
 This function is called by:
		_xtoa
 This function uses a non-reentrant model


 *************** function _dtoa *****************
 Defined at:
		line 287 in file "C:\Program Files\Microchip\xc8\v2.31\pic\sources\c99\common\doprnt.c"
 Parameters:    Size  Location     Type
  fp              2   27[COMRAM] PTR struct _IO_FILE
		 -> sprintf@f(6), 
  d               8   29[COMRAM] long long 
 Auto vars:     Size  Location     Type
  n               8   53[COMRAM] long long 
  i               2   61[COMRAM] int 
  s               2   51[COMRAM] int 
  w               2   49[COMRAM] int 
  p               2   47[COMRAM] int 
 Return value:  Size  Location     Type
                  2   27[COMRAM] int 
 Registers used:
		wreg, fsr1l, fsr1h, fsr2l, fsr2h, status,2, status,0, cstack
 Tracked objects:
		On entry : 
		On exit  : 
		Unchanged: 
 Data sizes:     COMRAM   BANK0   BANK1   BANK2   BANK3   BANK4   BANK5   BANK6   BANK7
      Params:        10       0       0       0       0       0       0       0       0
      Locals:        18       0       0       0       0       0       0       0       0
      Temps:          8       0       0       0       0       0       0       0       0
      Totals:        36       0       0       0       0       0       0       0       0
Total ram usage:       36 bytes
 Hardware stack levels used:    1
 Hardware stack levels required when called:    4
 This function calls:
		___aodiv
		___aomod
		_abs
		_pad
 This function is called by:
		_vfpfcnvrt
 This function uses a non-reentrant model


 *************** function _pad *****************
 Defined at:
		line 72 in file "C:\Program Files\Microchip\xc8\v2.31\pic\sources\c99\common\doprnt.c"
 Parameters:    Size  Location     Type
  fp              2   16[COMRAM] PTR struct _IO_FILE
		 -> sprintf@f(6), 
  buf             2   18[COMRAM] PTR unsigned char 
		 -> dbuf(32), 
  p               2   20[COMRAM] int 
 Auto vars:     Size  Location     Type
  w               2   25[COMRAM] int 
  i               2   23[COMRAM] int 
 Return value:  Size  Location     Type
                  2   16[COMRAM] int 
 Registers used:
		wreg, fsr1l, fsr1h, fsr2l, fsr2h, status,2, status,0, cstack
 Tracked objects:
		On entry : 
		On exit  : 
		Unchanged: 
 Data sizes:     COMRAM   BANK0   BANK1   BANK2   BANK3   BANK4   BANK5   BANK6   BANK7
      Params:         6       0       0       0       0       0       0       0       0
      Locals:         4       0       0       0       0       0       0       0       0
      Temps:          1       0       0       0       0       0       0       0       0
      Totals:        11       0       0       0       0       0       0       0       0
Total ram usage:       11 bytes
 Hardware stack levels used:    1
 Hardware stack levels required when called:    3
 This function calls:
		_fputc
		_fputs
		_strlen
 This function is called by:
		_dtoa
		_xtoa
 This function uses a non-reentrant model


 *************** function _strlen *****************
 Defined at:
		line 5 in file "C:\Program Files\Microchip\xc8\v2.31\pic\sources\c99\common\strlen.c"
 Parameters:    Size  Location     Type
  s               2    0[COMRAM] PTR const unsigned char 
		 -> dbuf(32), 
 Auto vars:     Size  Location     Type
  a               2    2[COMRAM] PTR const unsigned char 
		 -> dbuf(32), 
 Return value:  Size  Location     Type
                  2    0[COMRAM] unsigned int 
 Registers used:
		wreg, fsr2l, fsr2h, status,2, status,0
 Tracked objects:
		On entry : 
		On exit  : 
		Unchanged: 
 Data sizes:     COMRAM   BANK0   BANK1   BANK2   BANK3   BANK4   BANK5   BANK6   BANK7
      Params:         2       0       0       0       0       0       0       0       0
      Locals:         2       0       0       0       0       0       0       0       0
      Temps:          0       0       0       0       0       0       0       0       0
      Totals:         4       0       0       0       0       0       0       0       0
Total ram usage:        4 bytes
 Hardware stack levels used:    1
 This function calls:
		Nothing
 This function is called by:
		_pad
 This function uses a non-reentrant model


 *************** function _fputs *****************
 Defined at:
		line 8 in file "C:\Program Files\Microchip\xc8\v2.31\pic\sources\c99\common\nf_fputs.c"
 Parameters:    Size  Location     Type
  s               2    9[COMRAM] PTR const unsigned char 
		 -> dbuf(32), 
  fp              2   11[COMRAM] PTR struct _IO_FILE
		 -> sprintf@f(6), 
 Auto vars:     Size  Location     Type
  i               2   14[COMRAM] int 
  c               1   13[COMRAM] unsigned char 
 Return value:  Size  Location     Type
                  2    9[COMRAM] int 
 Registers used:
		wreg, fsr1l, fsr1h, fsr2l, fsr2h, status,2, status,0, cstack
 Tracked objects:
		On entry : 
		On exit  : 
		Unchanged: 
 Data sizes:     COMRAM   BANK0   BANK1   BANK2   BANK3   BANK4   BANK5   BANK6   BANK7
      Params:         4       0       0       0       0       0       0       0       0
      Locals:         3       0       0       0       0       0       0       0       0
      Temps:          0       0       0       0       0       0       0       0       0
      Totals:         7       0       0       0       0       0       0       0       0
Total ram usage:        7 bytes
 Hardware stack levels used:    1
 Hardware stack levels required when called:    2
 This function calls:
		_fputc
 This function is called by:
		_pad
 This function uses a non-reentrant model


 *************** function _abs *****************
 Defined at:
		line 1 in file "C:\Program Files\Microchip\xc8\v2.31\pic\sources\c99\common\abs.c"
 Parameters:    Size  Location     Type
  a               2   18[COMRAM] int 
 Auto vars:     Size  Location     Type
		None
 Return value:  Size  Location     Type
                  2   18[COMRAM] int 
 Registers used:
		wreg, status,2, status,0
 Tracked objects:
		On entry : 
		On exit  : 
		Unchanged: 
 Data sizes:     COMRAM   BANK0   BANK1   BANK2   BANK3   BANK4   BANK5   BANK6   BANK7
      Params:         2       0       0       0       0       0       0       0       0
      Locals:         0       0       0       0       0       0       0       0       0
      Temps:          2       0       0       0       0       0       0       0       0
      Totals:         4       0       0       0       0       0       0       0       0
Total ram usage:        4 bytes
 Hardware stack levels used:    1
 This function calls:
		Nothing
 This function is called by:
		_dtoa
 This function uses a non-reentrant model


 *************** function ___aomod *****************
 Defined at:
		line 9 in file "C:\Program Files\Microchip\xc8\v2.31\pic\sources\c99\common\aomod.c"
 Parameters:    Size  Location     Type
  dividend        8    0[COMRAM] long long 
  divisor         8    8[COMRAM] long long 
 Auto vars:     Size  Location     Type
  sign            1   17[COMRAM] unsigned char 
  counter         1   16[COMRAM] unsigned char 
 Return value:  Size  Location     Type
                  8    0[COMRAM] long long 
 Registers used:
		wreg, status,2, status,0
 Tracked objects:
		On entry : 
		On exit  : 
		Unchanged: 
 Data sizes:     COMRAM   BANK0   BANK1   BANK2   BANK3   BANK4   BANK5   BANK6   BANK7
      Params:        16       0       0       0       0       0       0       0       0
      Locals:         2       0       0       0       0       0       0       0       0
      Temps:          0       0       0       0       0       0       0       0       0
      Totals:        18       0       0       0       0       0       0       0       0
Total ram usage:       18 bytes
 Hardware stack levels used:    1
 This function calls:
		Nothing
 This function is called by:
		_dtoa
 This function uses a non-reentrant model


 *************** function ___aodiv *****************
 Defined at:
		line 9 in file "C:\Program Files\Microchip\xc8\v2.31\pic\sources\c99\common\aodiv.c"
 Parameters:    Size  Location     Type
  dividend        8    0[COMRAM] long long 
  divisor         8    8[COMRAM] long long 
 Auto vars:     Size  Location     Type
  quotient        8   18[COMRAM] long long 
  sign            1   17[COMRAM] unsigned char 
  counter         1   16[COMRAM] unsigned char 
 Return value:  Size  Location     Type
                  8    0[COMRAM] long long 
 Registers used:
		wreg, fsr2l, fsr2h, status,2, status,0
 Tracked objects:
		On entry : 
		On exit  : 
		Unchanged: 
 Data sizes:     COMRAM   BANK0   BANK1   BANK2   BANK3   BANK4   BANK5   BANK6   BANK7
      Params:        16       0       0       0       0       0       0       0       0
      Locals:        10       0       0       0       0       0       0       0       0
      Temps:          0       0       0       0       0       0       0       0       0
      Totals:        26       0       0       0       0       0       0       0       0
Total ram usage:       26 bytes
 Hardware stack levels used:    1
 This function calls:
		Nothing
 This function is called by:
		_dtoa
 This function uses a non-reentrant model


 *************** function _ctoa *****************
 Defined at:
		line 259 in file "C:\Program Files\Microchip\xc8\v2.31\pic\sources\c99\common\doprnt.c"
 Parameters:    Size  Location     Type
  fp              2    9[COMRAM] PTR struct _IO_FILE
		 -> sprintf@f(6), 
  c               1   11[COMRAM] unsigned char 
 Auto vars:     Size  Location     Type
  w               2   15[COMRAM] int 
  l               2   13[COMRAM] int 
 Return value:  Size  Location     Type
                  2    9[COMRAM] int 
 Registers used:
		wreg, fsr1l, fsr1h, fsr2l, fsr2h, status,2, status,0, cstack
 Tracked objects:
		On entry : 
		On exit  : 
		Unchanged: 
 Data sizes:     COMRAM   BANK0   BANK1   BANK2   BANK3   BANK4   BANK5   BANK6   BANK7
      Params:         3       0       0       0       0       0       0       0       0
      Locals:         4       0       0       0       0       0       0       0       0
      Temps:          1       0       0       0       0       0       0       0       0
      Totals:         8       0       0       0       0       0       0       0       0
Total ram usage:        8 bytes
 Hardware stack levels used:    1
 Hardware stack levels required when called:    2
 This function calls:
		_fputc
 This function is called by:
		_vfpfcnvrt
 This function uses a non-reentrant model


[...]
      Totals:         0       0       0       0       0       0       0       0       0
Total ram usage:        0 bytes
 Hardware stack levels used:    1
 This function calls:
		Nothing
 This function is called by:
		_I2C_Read
 This function uses a non-reentrant model


 *************** function _I2C_Ack *****************
 Defined at:
		line 130 in file "./I2C_Master_File.h"
 Parameters:    Size  Location     Type
		None
 Auto vars:     Size  Location     Type
		None
 Return value:  Size  Location     Type
                  1    wreg      void 
 Registers used:
		None
 Tracked objects:
		On entry : 
		On exit  : 
		Unchanged: 
 Data sizes:     COMRAM   BANK0   BANK1   BANK2   BANK3   BANK4   BANK5   BANK6   BANK7
      Params:         0       0       0       0       0       0       0       0       0
      Locals:         0       0       0       0       0       0       0       0       0
      Temps:          0       0       0       0       0       0       0       0       0
      Totals:         0       0       0       0       0       0       0       0       0
Total ram usage:        0 bytes
 Hardware stack levels used:    1
 This function calls:
		Nothing
 This function is called by:
		_I2C_Read
 This function uses a non-reentrant model


 *************** function _Lcd_Write_String *****************
 Defined at:
		line 97 in file "./lcd.h"
 Parameters:    Size  Location     Type
  a               2    4[COMRAM] PTR unsigned char 
		 -> STR_10(8), STR_9(20), activar_seguridad@Temperatura(10), activar_seguridad@hours(10), 
		 -> activar_seguridad@mins(10), activar_seguridad@secs(10), STR_4(13), STR_3(20), 
		 -> STR_2(7), STR_1(21), 
 Auto vars:     Size  Location     Type
  i               2    8[COMRAM] int 
 Return value:  Size  Location     Type
                  1    wreg      void 
 Registers used:
		wreg, fsr1l, fsr1h, status,2, status,0, tblptrl, tblptrh, tblptru, cstack
 Tracked objects:
		On entry : 
		On exit  : 
		Unchanged: 
 Data sizes:     COMRAM   BANK0   BANK1   BANK2   BANK3   BANK4   BANK5   BANK6   BANK7
      Params:         2       0       0       0       0       0       0       0       0
      Locals:         2       0       0       0       0       0       0       0       0
      Temps:          2       0       0       0       0       0       0       0       0
      Totals:         6       0       0       0       0       0       0       0       0
Total ram usage:        6 bytes
 Hardware stack levels used:    1
 Hardware stack levels required when called:    2
 This function calls:
		_Lcd_Write_Char
 This function is called by:
		_activar_seguridad
		_main
 This function uses a non-reentrant model


 *************** function _Lcd_Write_Char *****************
 Defined at:
		line 81 in file "./lcd.h"
 Parameters:    Size  Location     Type
  a               1    wreg     unsigned char 
 Auto vars:     Size  Location     Type
  a               1    3[COMRAM] unsigned char 
  y               1    2[COMRAM] unsigned char 
  temp            1    1[COMRAM] unsigned char 
 Return value:  Size  Location     Type
                  1    wreg      void 
 Registers used:
		wreg, status,2, status,0, cstack
 Tracked objects:
		On entry : 
		On exit  : 
		Unchanged: 
 Data sizes:     COMRAM   BANK0   BANK1   BANK2   BANK3   BANK4   BANK5   BANK6   BANK7
      Params:         0       0       0       0       0       0       0       0       0
      Locals:         3       0       0       0       0       0       0       0       0
      Temps:          0       0       0       0       0       0       0       0       0
      Totals:         3       0       0       0       0       0       0       0       0
Total ram usage:        3 bytes
 Hardware stack levels used:    1
 Hardware stack levels required when called:    1
 This function calls:
		_Lcd_Port
 This function is called by:
		_Lcd_Write_String
		_activar_seguridad
 This function uses a non-reentrant model


 *************** function _Lcd_Set_Cursor *****************
 Defined at:
		line 41 in file "./lcd.h"
 Parameters:    Size  Location     Type
  a               1    wreg     unsigned char 
  b               1    3[COMRAM] unsigned char 
 Auto vars:     Size  Location     Type
  a               1    4[COMRAM] unsigned char 
  temp            1    7[COMRAM] unsigned char 
  y               1    6[COMRAM] unsigned char 
  z               1    5[COMRAM] unsigned char 
 Return value:  Size  Location     Type
                  1    wreg      void 
 Registers used:
		wreg, status,2, status,0, cstack
 Tracked objects:
		On entry : 
		On exit  : 
		Unchanged: 
 Data sizes:     COMRAM   BANK0   BANK1   BANK2   BANK3   BANK4   BANK5   BANK6   BANK7
      Params:         1       0       0       0       0       0       0       0       0
      Locals:         4       0       0       0       0       0       0       0       0
      Temps:          0       0       0       0       0       0       0       0       0
      Totals:         5       0       0       0       0       0       0       0       0
Total ram usage:        5 bytes
 Hardware stack levels used:    1
 Hardware stack levels required when called:    2
 This function calls:
		_Lcd_Cmd
 This function is called by:
		_activar_seguridad
		_main
 This function uses a non-reentrant model


 *************** function _Lcd_Clear *****************
 Defined at:
		line 35 in file "./lcd.h"
 Parameters:    Size  Location     Type
		None
 Auto vars:     Size  Location     Type
		None
 Return value:  Size  Location     Type
                  2  108[None  ] int 
 Registers used:
		wreg, status,2, cstack
 Tracked objects:
		On entry : 
		On exit  : 
		Unchanged: 
 Data sizes:     COMRAM   BANK0   BANK1   BANK2   BANK3   BANK4   BANK5   BANK6   BANK7
      Params:         0       0       0       0       0       0       0       0       0
      Locals:         0       0       0       0       0       0       0       0       0
      Temps:          0       0       0       0       0       0       0       0       0
      Totals:         0       0       0       0       0       0       0       0       0
Total ram usage:        0 bytes
 Hardware stack levels used:    1
 Hardware stack levels required when called:    2
 This function calls:
		_Lcd_Cmd
 This function is called by:
		_activar_seguridad
		_main
 This function uses a non-reentrant model


 *************** function _Keypad_Key_Press *****************
 Defined at:
		line 81 in file "main.c"
 Parameters:    Size  Location     Type
		None
 Auto vars:     Size  Location     Type
  keypad_deco    17    0[COMRAM] const unsigned char [17]
  fila            2   19[COMRAM] unsigned int 
  tec             2   17[COMRAM] unsigned int 
 Return value:  Size  Location     Type
                  1    wreg      unsigned char 
 Registers used:
		wreg, fsr2l, fsr2h, status,2, status,0, tblptrl, tblptrh, tblptru
 Tracked objects:
		On entry : 
		On exit  : 
		Unchanged: 
 Data sizes:     COMRAM   BANK0   BANK1   BANK2   BANK3   BANK4   BANK5   BANK6   BANK7
      Params:         0       0       0       0       0       0       0       0       0
      Locals:        21       0       0       0       0       0       0       0       0
      Temps:          0       0       0       0       0       0       0       0       0
      Totals:        21       0       0       0       0       0       0       0       0
Total ram usage:       21 bytes
 Hardware stack levels used:    1
 This function calls:
		Nothing
 This function is called by:
		_activar_seguridad
 This function uses a non-reentrant model


 *************** function _I2C_Stop *****************
 Defined at:
		line 112 in file "./I2C_Master_File.h"
 Parameters:    Size  Location     Type
		None
 Auto vars:     Size  Location     Type
		None
 Return value:  Size  Location     Type
                  1    wreg      unsigned char 
 Registers used:
		wreg
 Tracked objects:
		On entry : 
		On exit  : 
		Unchanged: 
 Data sizes:     COMRAM   BANK0   BANK1   BANK2   BANK3   BANK4   BANK5   BANK6   BANK7
      Params:         0       0       0       0       0       0       0       0       0
      Locals:         0       0       0       0       0       0       0       0       0
      Temps:          0       0       0       0       0       0       0       0       0
      Totals:         0       0       0       0       0       0       0       0       0
Total ram usage:        0 bytes
 Hardware stack levels used:    1
 This function calls:
		Nothing
 This function is called by:
		_activar_seguridad
		_I2C_Start_Wait
 This function uses a non-reentrant model


 *************** function _I2C_Init *****************
 Defined at:
		line 48 in file "./I2C_Master_File.h"
 Parameters:    Size  Location     Type
		None
 Auto vars:     Size  Location     Type
		None
 Return value:  Size  Location     Type
                  1    wreg      void 
 Registers used:
		wreg, status,2
 Tracked objects:
		On entry : 
		On exit  : 
		Unchanged: 
 Data sizes:     COMRAM   BANK0   BANK1   BANK2   BANK3   BANK4   BANK5   BANK6   BANK7
      Params:         0       0       0       0       0       0       0       0       0
      Locals:         0       0       0       0       0       0       0       0       0
      Temps:          0       0       0       0       0       0       0       0       0
      Totals:         0       0       0       0       0       0       0       0       0
Total ram usage:        0 bytes
 Hardware stack levels used:    1
 This function calls:
		Nothing
 This function is called by:
		_activar_seguridad
 This function uses a non-reentrant model


 *************** function _Lcd_Init *****************
 Defined at:
		line 62 in file "./lcd.h"
 Parameters:    Size  Location     Type
		None
 Auto vars:     Size  Location     Type
		None
 Return value:  Size  Location     Type
                  1    wreg      void 
 Registers used:
		wreg, status,2, cstack
 Tracked objects:
		On entry : 
		On exit  : 
		Unchanged: 
 Data sizes:     COMRAM   BANK0   BANK1   BANK2   BANK3   BANK4   BANK5   BANK6   BANK7
      Params:         0       0       0       0       0       0       0       0       0
      Locals:         0       0       0       0       0       0       0       0       0
      Temps:          1       0       0       0       0       0       0       0       0
      Totals:         1       0       0       0       0       0       0       0       0
Total ram usage:        1 bytes
 Hardware stack levels used:    1
 Hardware stack levels required when called:    2
 This function calls:
		_Lcd_Cmd
		_Lcd_Port
 This function is called by:
		_main
 This function uses a non-reentrant model


 *************** function _Lcd_Cmd *****************
 Defined at:
		line 26 in file "./lcd.h"
 Parameters:    Size  Location     Type
  a               1    wreg     unsigned char 
 Auto vars:     Size  Location     Type
  a               1    2[COMRAM] unsigned char 
 Return value:  Size  Location     Type
                  1    wreg      void 
 Registers used:
		wreg, status,2, cstack
 Tracked objects:
		On entry : 
		On exit  : 
		Unchanged: 
 Data sizes:     COMRAM   BANK0   BANK1   BANK2   BANK3   BANK4   BANK5   BANK6   BANK7
      Params:         0       0       0       0       0       0       0       0       0
      Locals:         1       0       0       0       0       0       0       0       0
      Temps:          1       0       0       0       0       0       0       0       0
      Totals:         2       0       0       0       0       0       0       0       0
Total ram usage:        2 bytes
 Hardware stack levels used:    1
 Hardware stack levels required when called:    1
 This function calls:
		_Lcd_Port
 This function is called by:
		_Lcd_Clear
		_Lcd_Set_Cursor
		_Lcd_Init
		_Lcd_Shift_Right
		_Lcd_Shift_Left
 This function uses a non-reentrant model


 *************** function _Lcd_Port *****************
 Defined at:
		line 4 in file "./lcd.h"
 Parameters:    Size  Location     Type
  a               1    wreg     unsigned char 
 Auto vars:     Size  Location     Type
  a               1    0[COMRAM] unsigned char 
 Return value:  Size  Location     Type
                  1    wreg      void 
 Registers used:
		wreg
 Tracked objects:
		On entry : 
		On exit  : 
		Unchanged: 
 Data sizes:     COMRAM   BANK0   BANK1   BANK2   BANK3   BANK4   BANK5   BANK6   BANK7
      Params:         0       0       0       0       0       0       0       0       0
      Locals:         1       0       0       0       0       0       0       0       0
      Temps:          0       0       0       0       0       0       0       0       0
      Totals:         1       0       0       0       0       0       0       0       0
Total ram usage:        1 bytes
 Hardware stack levels used:    1
 This function calls:
		Nothing
 This function is called by:
		_Lcd_Cmd
		_Lcd_Init
		_Lcd_Write_Char
 This function uses a non-reentrant model


 *************** function _Keypad_Init *****************
 Defined at:
		line 76 in file "main.c"
 Parameters:    Size  Location     Type
		None
 Auto vars:     Size  Location     Type
		None
 Return value:  Size  Location     Type
                  1    wreg      void 
 Registers used:
		wreg, status,2
 Tracked objects:
		On entry : 
		On exit  : 
		Unchanged: 
 Data sizes:     COMRAM   BANK0   BANK1   BANK2   BANK3   BANK4   BANK5   BANK6   BANK7
      Params:         0       0       0       0       0       0       0       0       0
      Locals:         0       0       0       0       0       0       0       0       0
      Temps:          0       0       0       0       0       0       0       0       0
      Totals:         0       0       0       0       0       0       0       0       0
Total ram usage:        0 bytes
 Hardware stack levels used:    1
 This function calls:
		Nothing
 This function is called by:
		_main
 This function uses a non-reentrant model



MODULE INFORMATION

Module		Function		Class		Link	Load	Size
C:\Program Files\Microchip\xc8\v2.31\pic\sources\c99\common\isdigit.c
		_isdigit       		CODE           	2D4A	0000	56

C:\Program Files\Microchip\xc8\v2.31\pic\sources\c99\common\isdigit.c estimated size: 56

C:\Program Files\Microchip\xc8\v2.31\pic\sources\c99\common\putch.c
		_putch         		CODE           	2F60	0000	2

C:\Program Files\Microchip\xc8\v2.31\pic\sources\c99\common\putch.c estimated size: 2

C:\Program Files\Microchip\xc8\v2.31\pic\sources\c99\common\nf_fputs.c
		_fputs         		CODE           	2B26	0000	68

C:\Program Files\Microchip\xc8\v2.31\pic\sources\c99\common\nf_fputs.c estimated size: 68

C:\Program Files\Microchip\xc8\v2.31\pic\sources\c99\common\xxtofl.c
		___xxtofl      		CODE           	1C24	0000	436

C:\Program Files\Microchip\xc8\v2.31\pic\sources\c99\common\xxtofl.c estimated size: 436

C:\Program Files\Microchip\xc8\v2.31\pic\sources\c99\common\aomod.c
		___aomod       		CODE           	20EA	0000	356

C:\Program Files\Microchip\xc8\v2.31\pic\sources\c99\common\aomod.c estimated size: 356

C:\Program Files\Microchip\xc8\v2.31\pic\sources\c99\common\atoi.c
		_atoi          		CODE           	1DD8	0000	394

C:\Program Files\Microchip\xc8\v2.31\pic\sources\c99\common\atoi.c estimated size: 394

./I2C_Master_File.h
		_I2C_Write     		CODE           	2E9A	0000	34
		_I2C_Stop      		CODE           	2F1E	0000	20
		_I2C_Read      		CODE           	2C68	0000	58
		_I2C_Ready     		CODE           	2F32	0000	18
		_I2C_Init      		CODE           	2EDC	0000	26
		_I2C_Repeated_Start		CODE           	2E1E	0000	46
		_I2C_Ack       		CODE           	2F0A	0000	20
		_I2C_Nack      		CODE           	2EF6	0000	20
		_I2C_Start     		CODE           	2DF0	0000	46

./I2C_Master_File.h estimated size: 288

./lcd.h
		_Lcd_Write_String		CODE           	2776	0000	126
		_Lcd_Init      		CODE           	27F4	0000	112
		_Lcd_Write_Char		CODE           	2D82	0000	56
		_Lcd_Cmd       		CODE           	2EBC	0000	32
		_Lcd_Set_Cursor		CODE           	2864	0000	102
		_Lcd_Clear     		CODE           	2F44	0000	14
		_Lcd_Port      		CODE           	298A	0000	92

./lcd.h estimated size: 534

C:\Program Files\Microchip\xc8\v2.31\pic\sources\c99\common\abs.c
		_abs           		CODE           	2BAE	0000	64

C:\Program Files\Microchip\xc8\v2.31\pic\sources\c99\common\abs.c estimated size: 64

C:\Program Files\Microchip\xc8\v2.31\pic\sources\c99\common\strlen.c
		_strlen        		CODE           	2DBA	0000	54

C:\Program Files\Microchip\xc8\v2.31\pic\sources\c99\common\strlen.c estimated size: 54

C:\Program Files\Microchip\xc8\v2.31\pic\sources\c99\common\isupper.c
		_isupper       		CODE           	2D12	0000	56

C:\Program Files\Microchip\xc8\v2.31\pic\sources\c99\common\isupper.c estimated size: 56

C:\Program Files\Microchip\xc8\v2.31\pic\sources\c99\common\aodiv.c
		___aodiv       		CODE           	1F62	0000	392

C:\Program Files\Microchip\xc8\v2.31\pic\sources\c99\common\aodiv.c estimated size: 392

C:\Program Files\Microchip\xc8\v2.31\pic\sources\c99\common\nf_fputc.c
		_fputc         		CODE           	2530	0000	202

C:\Program Files\Microchip\xc8\v2.31\pic\sources\c99\common\nf_fputc.c estimated size: 202

shared
		Keypad_Key_Press@F3795		SMALLCONST     	0801	0000	17
		__initialization		CODE           	29E6	0000	76

shared estimated size: 93

C:\Program Files\Microchip\xc8\v2.31\pic\sources\c99\common\islower.c
		_islower       		CODE           	2CDA	0000	56

C:\Program Files\Microchip\xc8\v2.31\pic\sources\c99\common\islower.c estimated size: 56

C:\Program Files\Microchip\xc8\v2.31\pic\sources\c99\common\sprcmul.c
		___flmul       		CODE           	0F36	0000	1066

C:\Program Files\Microchip\xc8\v2.31\pic\sources\c99\common\sprcmul.c estimated size: 1066

C:\Program Files\Microchip\xc8\v2.31\pic\sources\c99\common\doprnt.c
		_vfpfcnvrt     		CODE           	1360	0000	778
		_pad           		CODE           	25FA	0000	198
		_ctoa          		CODE           	2458	0000	216
		_dtoa          		CODE           	166A	0000	738
		_vfprintf      		CODE           	28CA	0000	98
		_xtoa          		CODE           	194C	0000	728

C:\Program Files\Microchip\xc8\v2.31\pic\sources\c99\common\doprnt.c estimated size: 2756

C:\Program Files\Microchip\xc8\v2.31\pic\sources\c99\common\fltol.c
		___fltol       		CODE           	224E	0000	262

C:\Program Files\Microchip\xc8\v2.31\pic\sources\c99\common\fltol.c estimated size: 262

C:\Program Files\Microchip\xc8\v2.31\pic\sources\c99\common\nf_sprintf.c
		_sprintf       		CODE           	2A3C	0000	82

C:\Program Files\Microchip\xc8\v2.31\pic\sources\c99\common\nf_sprintf.c estimated size: 82

C:\Program Files\Microchip\xc8\v2.31\pic\sources\c99\common\toupper.c
		_toupper       		CODE           	292C	0000	94

C:\Program Files\Microchip\xc8\v2.31\pic\sources\c99\common\toupper.c estimated size: 94

C:\Program Files\Microchip\xc8\v2.31\pic\sources\c99\common\flge.c
		___flge        		CODE           	2354	0000	260

C:\Program Files\Microchip\xc8\v2.31\pic\sources\c99\common\flge.c estimated size: 260

C:\Program Files\Microchip\xc8\v2.31\pic\sources\c99\common\isalpha.c
		_isalpha       		CODE           	2C2C	0000	60

C:\Program Files\Microchip\xc8\v2.31\pic\sources\c99\common\isalpha.c estimated size: 60

C:\Program Files\Microchip\xc8\v2.31\pic\sources\c99\common\isspace.c
		_isspace       		CODE           	2A8E	0000	82

C:\Program Files\Microchip\xc8\v2.31\pic\sources\c99\common\isspace.c estimated size: 82

C:\Program Files\Microchip\xc8\v2.31\pic\sources\c99\common\Umul16.c
		___wmul        		CODE           	2E74	0000	38

C:\Program Files\Microchip\xc8\v2.31\pic\sources\c99\common\Umul16.c estimated size: 38

main.c
		_getCad        		CODE           	2B6A	0000	68
		_main          		CODE           	2BEE	0000	62
		_Keypad_Init   		CODE           	2F5A	0000	6
		_securityHouse 		CODE           	2CA2	0000	56
		_activar_seguridad		CODE           	0878	0000	1726
		_Keypad_Key_Press		CODE           	26C0	0000	182
		_RTC_Read_Clock		CODE           	2AE0	0000	70

main.c estimated size: 2170

